Component: ARM Compiler 5.06 update 4 (build 422) Tool: armlink [4d35d2]

==============================================================================

Section Cross References

    startup_stm32f10x_hd.o(RESET) refers to startup_stm32f10x_hd.o(STACK) for __initial_sp
    startup_stm32f10x_hd.o(RESET) refers to startup_stm32f10x_hd.o(.text) for Reset_Handler
    startup_stm32f10x_hd.o(RESET) refers to stm32f10x_it.o(i.NMI_Handler) for NMI_Handler
    startup_stm32f10x_hd.o(RESET) refers to stm32f10x_it.o(i.HardFault_Handler) for HardFault_Handler
    startup_stm32f10x_hd.o(RESET) refers to stm32f10x_it.o(i.MemManage_Handler) for MemManage_Handler
    startup_stm32f10x_hd.o(RESET) refers to stm32f10x_it.o(i.BusFault_Handler) for BusFault_Handler
    startup_stm32f10x_hd.o(RESET) refers to stm32f10x_it.o(i.UsageFault_Handler) for UsageFault_Handler
    startup_stm32f10x_hd.o(RESET) refers to stm32f10x_it.o(i.SVC_Handler) for SVC_Handler
    startup_stm32f10x_hd.o(RESET) refers to stm32f10x_it.o(i.DebugMon_Handler) for DebugMon_Handler
    startup_stm32f10x_hd.o(RESET) refers to stm32f10x_it.o(i.PendSV_Handler) for PendSV_Handler
    startup_stm32f10x_hd.o(RESET) refers to stm32f10x_it.o(i.SysTick_Handler) for SysTick_Handler
    startup_stm32f10x_hd.o(.text) refers to system_stm32f10x.o(i.SystemInit) for SystemInit
    startup_stm32f10x_hd.o(.text) refers to entry.o(.ARM.Collect$$$$00000000) for __main
    system_stm32f10x.o(i.SetSysClock) refers to system_stm32f10x.o(i.SetSysClockTo72) for SetSysClockTo72
    system_stm32f10x.o(i.SystemCoreClockUpdate) refers to system_stm32f10x.o(.data) for SystemCoreClock
    system_stm32f10x.o(i.SystemInit) refers to system_stm32f10x.o(i.SetSysClock) for SetSysClock
    stm32f10x_adc.o(i.ADC_DeInit) refers to stm32f10x_rcc.o(i.RCC_APB2PeriphResetCmd) for RCC_APB2PeriphResetCmd
    stm32f10x_bkp.o(i.BKP_DeInit) refers to stm32f10x_rcc.o(i.RCC_BackupResetCmd) for RCC_BackupResetCmd
    stm32f10x_can.o(i.CAN_DeInit) refers to stm32f10x_rcc.o(i.RCC_APB1PeriphResetCmd) for RCC_APB1PeriphResetCmd
    stm32f10x_can.o(i.CAN_GetITStatus) refers to stm32f10x_can.o(i.CheckITStatus) for CheckITStatus
    stm32f10x_cec.o(i.CEC_DeInit) refers to stm32f10x_rcc.o(i.RCC_APB1PeriphResetCmd) for RCC_APB1PeriphResetCmd
    stm32f10x_dac.o(i.DAC_DeInit) refers to stm32f10x_rcc.o(i.RCC_APB1PeriphResetCmd) for RCC_APB1PeriphResetCmd
    stm32f10x_flash.o(i.FLASH_EnableWriteProtection) refers to stm32f10x_flash.o(i.FLASH_WaitForLastOperation) for FLASH_WaitForLastOperation
    stm32f10x_flash.o(i.FLASH_EraseAllBank1Pages) refers to stm32f10x_flash.o(i.FLASH_WaitForLastBank1Operation) for FLASH_WaitForLastBank1Operation
    stm32f10x_flash.o(i.FLASH_EraseAllPages) refers to stm32f10x_flash.o(i.FLASH_WaitForLastOperation) for FLASH_WaitForLastOperation
    stm32f10x_flash.o(i.FLASH_EraseOptionBytes) refers to stm32f10x_flash.o(i.FLASH_GetReadOutProtectionStatus) for FLASH_GetReadOutProtectionStatus
    stm32f10x_flash.o(i.FLASH_EraseOptionBytes) refers to stm32f10x_flash.o(i.FLASH_WaitForLastOperation) for FLASH_WaitForLastOperation
    stm32f10x_flash.o(i.FLASH_ErasePage) refers to stm32f10x_flash.o(i.FLASH_WaitForLastOperation) for FLASH_WaitForLastOperation
    stm32f10x_flash.o(i.FLASH_ProgramHalfWord) refers to stm32f10x_flash.o(i.FLASH_WaitForLastOperation) for FLASH_WaitForLastOperation
    stm32f10x_flash.o(i.FLASH_ProgramOptionByteData) refers to stm32f10x_flash.o(i.FLASH_WaitForLastOperation) for FLASH_WaitForLastOperation
    stm32f10x_flash.o(i.FLASH_ProgramWord) refers to stm32f10x_flash.o(i.FLASH_WaitForLastOperation) for FLASH_WaitForLastOperation
    stm32f10x_flash.o(i.FLASH_ReadOutProtection) refers to stm32f10x_flash.o(i.FLASH_WaitForLastOperation) for FLASH_WaitForLastOperation
    stm32f10x_flash.o(i.FLASH_UserOptionByteConfig) refers to stm32f10x_flash.o(i.FLASH_WaitForLastOperation) for FLASH_WaitForLastOperation
    stm32f10x_flash.o(i.FLASH_WaitForLastBank1Operation) refers to stm32f10x_flash.o(i.FLASH_GetBank1Status) for FLASH_GetBank1Status
    stm32f10x_flash.o(i.FLASH_WaitForLastOperation) refers to stm32f10x_flash.o(i.FLASH_GetBank1Status) for FLASH_GetBank1Status
    stm32f10x_gpio.o(i.GPIO_AFIODeInit) refers to stm32f10x_rcc.o(i.RCC_APB2PeriphResetCmd) for RCC_APB2PeriphResetCmd
    stm32f10x_gpio.o(i.GPIO_DeInit) refers to stm32f10x_rcc.o(i.RCC_APB2PeriphResetCmd) for RCC_APB2PeriphResetCmd
    stm32f10x_i2c.o(i.I2C_DeInit) refers to stm32f10x_rcc.o(i.RCC_APB1PeriphResetCmd) for RCC_APB1PeriphResetCmd
    stm32f10x_i2c.o(i.I2C_Init) refers to stm32f10x_rcc.o(i.RCC_GetClocksFreq) for RCC_GetClocksFreq
    stm32f10x_pwr.o(i.PWR_DeInit) refers to stm32f10x_rcc.o(i.RCC_APB1PeriphResetCmd) for RCC_APB1PeriphResetCmd
    stm32f10x_rcc.o(i.RCC_GetClocksFreq) refers to stm32f10x_rcc.o(.data) for APBAHBPrescTable
    stm32f10x_rcc.o(i.RCC_WaitForHSEStartUp) refers to stm32f10x_rcc.o(i.RCC_GetFlagStatus) for RCC_GetFlagStatus
[...]
    Removing stm32f10x_tim.o(i.TIM_UpdateRequestConfig), (24 bytes).
    Removing stm32f10x_usart.o(i.USART_ClearFlag), (18 bytes).
    Removing stm32f10x_usart.o(i.USART_ClearITPendingBit), (30 bytes).
    Removing stm32f10x_usart.o(i.USART_ClockInit), (34 bytes).
    Removing stm32f10x_usart.o(i.USART_ClockStructInit), (12 bytes).
    Removing stm32f10x_usart.o(i.USART_DMACmd), (18 bytes).
    Removing stm32f10x_usart.o(i.USART_DeInit), (156 bytes).
    Removing stm32f10x_usart.o(i.USART_GetFlagStatus), (26 bytes).
    Removing stm32f10x_usart.o(i.USART_GetITStatus), (84 bytes).
    Removing stm32f10x_usart.o(i.USART_HalfDuplexCmd), (24 bytes).
    Removing stm32f10x_usart.o(i.USART_IrDACmd), (24 bytes).
    Removing stm32f10x_usart.o(i.USART_IrDAConfig), (18 bytes).
    Removing stm32f10x_usart.o(i.USART_LINBreakDetectLengthConfig), (18 bytes).
    Removing stm32f10x_usart.o(i.USART_LINCmd), (24 bytes).
    Removing stm32f10x_usart.o(i.USART_OneBitMethodCmd), (24 bytes).
    Removing stm32f10x_usart.o(i.USART_OverSampling8Cmd), (22 bytes).
    Removing stm32f10x_usart.o(i.USART_ReceiveData), (10 bytes).
    Removing stm32f10x_usart.o(i.USART_ReceiverWakeUpCmd), (24 bytes).
    Removing stm32f10x_usart.o(i.USART_SendBreak), (10 bytes).
    Removing stm32f10x_usart.o(i.USART_SetAddress), (18 bytes).
    Removing stm32f10x_usart.o(i.USART_SetGuardTime), (16 bytes).
    Removing stm32f10x_usart.o(i.USART_SetPrescaler), (16 bytes).
    Removing stm32f10x_usart.o(i.USART_SmartCardCmd), (24 bytes).
    Removing stm32f10x_usart.o(i.USART_SmartCardNACKCmd), (24 bytes).
    Removing stm32f10x_usart.o(i.USART_StructInit), (24 bytes).
    Removing stm32f10x_usart.o(i.USART_WakeUpConfig), (18 bytes).
    Removing stm32f10x_wwdg.o(i.WWDG_ClearFlag), (12 bytes).
    Removing stm32f10x_wwdg.o(i.WWDG_DeInit), (22 bytes).
    Removing stm32f10x_wwdg.o(i.WWDG_Enable), (16 bytes).
    Removing stm32f10x_wwdg.o(i.WWDG_EnableIT), (12 bytes).
    Removing stm32f10x_wwdg.o(i.WWDG_GetFlagStatus), (12 bytes).
    Removing stm32f10x_wwdg.o(i.WWDG_SetCounter), (16 bytes).
    Removing stm32f10x_wwdg.o(i.WWDG_SetPrescaler), (24 bytes).
    Removing stm32f10x_wwdg.o(i.WWDG_SetWindowValue), (40 bytes).
    Removing inv_mpu.o(i.mpu_EXTI_Configuration), (94 bytes).
    Removing inv_mpu.o(i.mpu_get_accel_reg), (116 bytes).
    Removing inv_mpu.o(i.mpu_get_compass_fsr), (8 bytes).
    Removing inv_mpu.o(i.mpu_get_compass_reg), (8 bytes).
    Removing inv_mpu.o(i.mpu_get_compass_sample_rate), (10 bytes).
    Removing inv_mpu.o(i.mpu_get_dmp_state), (20 bytes).
    Removing inv_mpu.o(i.mpu_get_gyro_reg), (116 bytes).
    Removing inv_mpu.o(i.mpu_get_int_status), (68 bytes).
    Removing inv_mpu.o(i.mpu_get_power_state), (28 bytes).
    Removing inv_mpu.o(i.mpu_get_temperature), (160 bytes).
    Removing inv_mpu.o(i.mpu_lp_motion_interrupt), (516 bytes).
    Removing inv_mpu.o(i.mpu_read_fifo), (504 bytes).
    Removing inv_mpu.o(i.mpu_read_reg), (72 bytes).
    Removing inv_mpu.o(i.mpu_reg_dump), (104 bytes).
    Removing inv_mpu.o(i.mpu_set_accel_bias), (384 bytes).
    Removing inv_mpu.o(i.mpu_set_compass_sample_rate), (8 bytes).
    Removing inv_mpu.o(i.mpu_set_int_level), (16 bytes).
    Removing inv_mpu.o(i.setup_compass), (6 bytes).
    Removing inv_mpu_dmp_motion_driver.o(i.dmp_get_enabled_features), (16 bytes).
    Removing inv_mpu_dmp_motion_driver.o(i.dmp_get_fifo_rate), (16 bytes).
    Removing inv_mpu_dmp_motion_driver.o(i.dmp_get_pedometer_step_count), (66 bytes).
    Removing inv_mpu_dmp_motion_driver.o(i.dmp_get_pedometer_walk_time), (72 bytes).
    Removing inv_mpu_dmp_motion_driver.o(i.dmp_register_android_orient_cb), (16 bytes).
    Removing inv_mpu_dmp_motion_driver.o(i.dmp_register_tap_cb), (16 bytes).
    Removing inv_mpu_dmp_motion_driver.o(i.dmp_set_interrupt_mode), (92 bytes).
    Removing inv_mpu_dmp_motion_driver.o(i.dmp_set_pedometer_step_count), (42 bytes).
    Removing inv_mpu_dmp_motion_driver.o(i.dmp_set_pedometer_walk_time), (48 bytes).
    Removing mpu6050.o(i.ReadAccel_X), (30 bytes).
    Removing mpu6050.o(i.ReadAccel_Y), (30 bytes).
    Removing mpu6050.o(i.ReadAccel_Z), (30 bytes).
    Removing mpu6050.o(i.ReadGyro_X), (30 bytes).
    Removing mpu6050.o(i.ReadGyro_Y), (30 bytes).
    Removing mpu6050.o(i.ReadGyro_Z), (30 bytes).
    Removing mpu6050.o(i.ReadTemperature), (60 bytes).
    Removing mpu6050.o(i.get_Accel), (24 bytes).
    Removing mpu6050.o(i.get_Accel_Gyro_Temp), (48 bytes).
    Removing mpu6050.o(i.get_Gyro), (24 bytes).
    Removing mpu6050.o(i.get_Temp), (12 bytes).
    Removing mpu6050.o(.bss), (16 bytes).
    Removing cdcmple.o(.text), (48 bytes).

483 unused section(s) (total 21128 bytes) removed from the image.

==============================================================================

Image Symbol Table

    Local Symbols

    Symbol Name                              Value     Ov Type        Size  Object(Section)

    ../clib/microlib/division.c              0x00000000   Number         0  uidiv.o ABSOLUTE
    ../clib/microlib/division.c              0x00000000   Number         0  uldiv.o ABSOLUTE
    ../clib/microlib/division.c              0x00000000   Number         0  ldiv.o ABSOLUTE
    ../clib/microlib/errno.c                 0x00000000   Number         0  errno.o ABSOLUTE
    ../clib/microlib/init/entry.s            0x00000000   Number         0  entry8b.o ABSOLUTE
    ../clib/microlib/init/entry.s            0x00000000   Number         0  entry7a.o ABSOLUTE
    ../clib/microlib/init/entry.s            0x00000000   Number         0  entry5.o ABSOLUTE
    ../clib/microlib/init/entry.s            0x00000000   Number         0  entry2.o ABSOLUTE
    ../clib/microlib/init/entry.s            0x00000000   Number         0  entry9a.o ABSOLUTE
    ../clib/microlib/init/entry.s            0x00000000   Number         0  entry9b.o ABSOLUTE
    ../clib/microlib/init/entry.s            0x00000000   Number         0  entry10a.o ABSOLUTE
    ../clib/microlib/init/entry.s            0x00000000   Number         0  entry10b.o ABSOLUTE
    ../clib/microlib/init/entry.s            0x00000000   Number         0  entry11a.o ABSOLUTE
    ../clib/microlib/init/entry.s            0x00000000   Number         0  entry7b.o ABSOLUTE
    ../clib/microlib/init/entry.s            0x00000000   Number         0  entry11b.o ABSOLUTE
    ../clib/microlib/init/entry.s            0x00000000   Number         0  entry8a.o ABSOLUTE
    ../clib/microlib/init/entry.s            0x00000000   Number         0  entry.o ABSOLUTE
    ../clib/microlib/longlong.c              0x00000000   Number         0  llsshr.o ABSOLUTE
    ../clib/microlib/longlong.c              0x00000000   Number         0  llushr.o ABSOLUTE
    ../clib/microlib/longlong.c              0x00000000   Number         0  llshl.o ABSOLUTE
    ../clib/microlib/printf/printf.c         0x00000000   Number         0  printf8.o ABSOLUTE
    ../clib/microlib/printf/printf.c         0x00000000   Number         0  printf5.o ABSOLUTE
    ../clib/microlib/printf/printf.c         0x00000000   Number         0  printf4.o ABSOLUTE
    ../clib/microlib/printf/printf.c         0x00000000   Number         0  printf7.o ABSOLUTE
    ../clib/microlib/printf/printf.c         0x00000000   Number         0  printfb.o ABSOLUTE
    ../clib/microlib/printf/printf.c         0x00000000   Number         0  printf0.o ABSOLUTE
    ../clib/microlib/printf/printf.c         0x00000000   Number         0  printf6.o ABSOLUTE
    ../clib/microlib/printf/printf.c         0x00000000   Number         0  printf1.o ABSOLUTE
    ../clib/microlib/printf/printf.c         0x00000000   Number         0  printf2.o ABSOLUTE
    ../clib/microlib/printf/printf.c         0x00000000   Number         0  printf3.o ABSOLUTE
    ../clib/microlib/printf/printf.c         0x00000000   Number         0  printfa.o ABSOLUTE
    ../clib/microlib/printf/stubs.s          0x00000000   Number         0  stubs.o ABSOLUTE
    ../clib/microlib/stdio/streams.c         0x00000000   Number         0  stdout.o ABSOLUTE
    ../clib/microlib/string/memcmp.c         0x00000000   Number         0  memcmp.o ABSOLUTE
    ../clib/microlib/string/memset.c         0x00000000   Number         0  memseta.o ABSOLUTE
    ../clib/microlib/stubs.s                 0x00000000   Number         0  iusefp.o ABSOLUTE
    ../fplib/microlib/d2f.c                  0x00000000   Number         0  d2f.o ABSOLUTE
    ../fplib/microlib/f2d.c                  0x00000000   Number         0  f2d.o ABSOLUTE
    ../fplib/microlib/fpadd.c                0x00000000   Number         0  dadd.o ABSOLUTE
    ../fplib/microlib/fpadd.c                0x00000000   Number         0  fadd.o ABSOLUTE
    ../fplib/microlib/fpdiv.c                0x00000000   Number         0  fdiv.o ABSOLUTE
    ../fplib/microlib/fpdiv.c                0x00000000   Number         0  ddiv.o ABSOLUTE
    ../fplib/microlib/fpepilogue.c           0x00000000   Number         0  depilogue.o ABSOLUTE
    ../fplib/microlib/fpepilogue.c           0x00000000   Number         0  fepilogue.o ABSOLUTE
    ../fplib/microlib/fpfix.c                0x00000000   Number         0  dfixul.o ABSOLUTE
    ../fplib/microlib/fpfix.c                0x00000000   Number         0  ffixi.o ABSOLUTE
    ../fplib/microlib/fpfix.c                0x00000000   Number         0  ffixui.o ABSOLUTE
    ../fplib/microlib/fpflt.c                0x00000000   Number         0  fflti.o ABSOLUTE
    ../fplib/microlib/fpflt.c                0x00000000   Number         0  ffltui.o ABSOLUTE
    ../fplib/microlib/fpmul.c                0x00000000   Number         0  dmul.o ABSOLUTE
    ../fplib/microlib/fpmul.c                0x00000000   Number         0  fmul.o ABSOLUTE
    ../fplib/microlib/fpscalb.c              0x00000000   Number         0  dscalb.o ABSOLUTE
    ../fplib/microlib/fpsqrt.c               0x00000000   Number         0  dsqrt.o ABSOLUTE
    ../mathlib/asin.c                        0x00000000   Number         0  asin_x.o ABSOLUTE
    ../mathlib/asin.c                        0x00000000   Number         0  asin.o ABSOLUTE
    ../mathlib/atan.c                        0x00000000   Number         0  atan.o ABSOLUTE
    ../mathlib/atan.c                        0x00000000   Number         0  atan_x.o ABSOLUTE
    ../mathlib/atan2.c                       0x00000000   Number         0  atan2.o ABSOLUTE
    ../mathlib/atan2.c                       0x00000000   Number         0  atan2_x.o ABSOLUTE
    ../mathlib/dunder.c                      0x00000000   Number         0  dunder.o ABSOLUTE
    ../mathlib/fpclassify.c                  0x00000000   Number         0  fpclassify.o ABSOLUTE
    ../mathlib/poly.c                        0x00000000   Number         0  poly.o ABSOLUTE
    ../mathlib/qnan.c                        0x00000000   Number         0  qnan.o ABSOLUTE
    ../mathlib/sqrt.c                        0x00000000   Number         0  sqrt.o ABSOLUTE
    ../mathlib/sqrt.c                        0x00000000   Number         0  sqrt_x.o ABSOLUTE
    ..\Libraries\CMSIS\core_cm3.c            0x00000000   Number         0  core_cm3.o ABSOLUTE
    ..\Libraries\CMSIS\startup\startup_stm32f10x_hd.s 0x00000000   Number         0  startup_stm32f10x_hd.o ABSOLUTE
    ..\Libraries\CMSIS\system_stm32f10x.c    0x00000000   Number         0  system_stm32f10x.o ABSOLUTE
    ..\Libraries\PWLIB\src\misc.c            0x00000000   Number         0  misc.o ABSOLUTE
    ..\Libraries\PWLIB\src\stm32f10x_adc.c   0x00000000   Number         0  stm32f10x_adc.o ABSOLUTE
    ..\Libraries\PWLIB\src\stm32f10x_bkp.c   0x00000000   Number         0  stm32f10x_bkp.o ABSOLUTE
    ..\Libraries\PWLIB\src\stm32f10x_can.c   0x00000000   Number         0  stm32f10x_can.o ABSOLUTE
    ..\Libraries\PWLIB\src\stm32f10x_cec.c   0x00000000   Number         0  stm32f10x_cec.o ABSOLUTE
    ..\Libraries\PWLIB\src\stm32f10x_crc.c   0x00000000   Number         0  stm32f10x_crc.o ABSOLUTE
    ..\Libraries\PWLIB\src\stm32f10x_dac.c   0x00000000   Number         0  stm32f10x_dac.o ABSOLUTE
    ..\Libraries\PWLIB\src\stm32f10x_dbgmcu.c 0x00000000   Number         0  stm32f10x_dbgmcu.o ABSOLUTE
    ..\Libraries\PWLIB\src\stm32f10x_dma.c   0x00000000   Number         0  stm32f10x_dma.o ABSOLUTE
    ..\Libraries\PWLIB\src\stm32f10x_exti.c  0x00000000   Number         0  stm32f10x_exti.o ABSOLUTE
    ..\Libraries\PWLIB\src\stm32f10x_flash.c 0x00000000   Number         0  stm32f10x_flash.o ABSOLUTE
    ..\Libraries\PWLIB\src\stm32f10x_fsmc.c  0x00000000   Number         0  stm32f10x_fsmc.o ABSOLUTE
    ..\Libraries\PWLIB\src\stm32f10x_gpio.c  0x00000000   Number         0  stm32f10x_gpio.o ABSOLUTE
    ..\Libraries\PWLIB\src\stm32f10x_i2c.c   0x00000000   Number         0  stm32f10x_i2c.o ABSOLUTE
    ..\Libraries\PWLIB\src\stm32f10x_iwdg.c  0x00000000   Number         0  stm32f10x_iwdg.o ABSOLUTE
    ..\Libraries\PWLIB\src\stm32f10x_pwr.c   0x00000000   Number         0  stm32f10x_pwr.o ABSOLUTE
    ..\Libraries\PWLIB\src\stm32f10x_rcc.c   0x00000000   Number         0  stm32f10x_rcc.o ABSOLUTE
    ..\Libraries\PWLIB\src\stm32f10x_rtc.c   0x00000000   Number         0  stm32f10x_rtc.o ABSOLUTE
    ..\Libraries\PWLIB\src\stm32f10x_sdio.c  0x00000000   Number         0  stm32f10x_sdio.o ABSOLUTE
    ..\Libraries\PWLIB\src\stm32f10x_spi.c   0x00000000   Number         0  stm32f10x_spi.o ABSOLUTE
    ..\Libraries\PWLIB\src\stm32f10x_tim.c   0x00000000   Number         0  stm32f10x_tim.o ABSOLUTE
    ..\Libraries\PWLIB\src\stm32f10x_usart.c 0x00000000   Number         0  stm32f10x_usart.o ABSOLUTE
    ..\Libraries\PWLIB\src\stm32f10x_wwdg.c  0x00000000   Number         0  stm32f10x_wwdg.o ABSOLUTE
    ..\ULIB\delay.c                          0x00000000   Number         0  delay.o ABSOLUTE
    ..\ULIB\i2c.c                            0x00000000   Number         0  i2c.o ABSOLUTE
    ..\ULIB\inv_mpu.c                        0x00000000   Number         0  inv_mpu.o ABSOLUTE
    ..\ULIB\inv_mpu_dmp_motion_driver.c      0x00000000   Number         0  inv_mpu_dmp_motion_driver.o ABSOLUTE
    ..\ULIB\mpu6050.c                        0x00000000   Number         0  mpu6050.o ABSOLUTE
    ..\ULIB\usart1.c                         0x00000000   Number         0  usart1.o ABSOLUTE
    ..\User\main.c                           0x00000000   Number         0  main.o ABSOLUTE
    ..\User\stm32f10x_it.c                   0x00000000   Number         0  stm32f10x_it.o ABSOLUTE
    ..\\Libraries\\CMSIS\\core_cm3.c         0x00000000   Number         0  core_cm3.o ABSOLUTE
    cdcmple.s                                0x00000000   Number         0  cdcmple.o ABSOLUTE
    cdrcmple.s                               0x00000000   Number         0  cdrcmple.o ABSOLUTE
    cfcmple.s                                0x00000000   Number         0  cfcmple.o ABSOLUTE
    cfrcmple.s                               0x00000000   Number         0  cfrcmple.o ABSOLUTE
    dc.s                                     0x00000000   Number         0  dc.o ABSOLUTE
    handlers.s                               0x00000000   Number         0  handlers.o ABSOLUTE
    init.s                                   0x00000000   Number         0  init.o ABSOLUTE
    RESET                                    0x08000000   Section      304  startup_stm32f10x_hd.o(RESET)
    .ARM.Collect$$$$00000000                 0x08000130   Section        0  entry.o(.ARM.Collect$$$$00000000)
    .ARM.Collect$$$$00000001                 0x08000130   Section        4  entry2.o(.ARM.Collect$$$$00000001)
    .ARM.Collect$$$$00000004                 0x08000134   Section        4  entry5.o(.ARM.Collect$$$$00000004)
    .ARM.Collect$$$$00000008                 0x08000138   Section        0  entry7b.o(.ARM.Collect$$$$00000008)
    .ARM.Collect$$$$0000000A                 0x08000138   Section        0  entry8b.o(.ARM.Collect$$$$0000000A)
    .ARM.Collect$$$$0000000B                 0x08000138   Section        8  entry9a.o(.ARM.Collect$$$$0000000B)
    .ARM.Collect$$$$0000000D                 0x08000140   Section        0  entry10a.o(.ARM.Collect$$$$0000000D)
    .ARM.Collect$$$$0000000F                 0x08000140   Section        0  entry11a.o(.ARM.Collect$$$$0000000F)
    .ARM.Collect$$$$00002712                 0x08000140   Section        4  entry2.o(.ARM.Collect$$$$00002712)
    __lit__00000000                          0x08000140   Data           4  entry2.o(.ARM.Collect$$$$00002712)
    .text                                    0x08000144   Section       36  startup_stm32f10x_hd.o(.text)
    .text                                    0x08000168   Section        0  ldiv.o(.text)
    .text                                    0x080001ca   Section        0  memseta.o(.text)
    .text                                    0x080001ee   Section        0  memcmp.o(.text)
    .text                                    0x08000208   Section        0  fadd.o(.text)
    .text                                    0x080002b8   Section        0  fmul.o(.text)
    .text                                    0x0800031c   Section        0  fdiv.o(.text)
    .text                                    0x08000398   Section        0  dmul.o(.text)
    .text                                    0x0800047c   Section        0  fflti.o(.text)
    .text                                    0x0800048e   Section        0  ffltui.o(.text)
    .text                                    0x08000498   Section        0  ffixi.o(.text)
    .text                                    0x080004ca   Section        0  ffixui.o(.text)
    .text                                    0x080004f2   Section        0  f2d.o(.text)
    .text                                    0x08000518   Section        0  d2f.o(.text)
    .text                                    0x08000550   Section       20  cfcmple.o(.text)
    .text                                    0x08000564   Section       20  cfrcmple.o(.text)
    .text                                    0x08000578   Section        0  uidiv.o(.text)
    .text                                    0x080005a4   Section        0  uldiv.o(.text)
    .text                                    0x08000606   Section        0  iusefp.o(.text)
    .text                                    0x08000606   Section        0  fepilogue.o(.text)
    .text                                    0x08000674   Section        0  depilogue.o(.text)
    .text                                    0x0800072e   Section        0  dadd.o(.text)
    .text                                    0x0800087c   Section        0  ddiv.o(.text)
    .text                                    0x0800095a   Section        0  dscalb.o(.text)
    .text                                    0x08000988   Section        0  dfixul.o(.text)
    .text                                    0x080009b8   Section       48  cdrcmple.o(.text)
    .text                                    0x080009e8   Section       36  init.o(.text)
    .text                                    0x08000a0c   Section        0  llshl.o(.text)
    .text                                    0x08000a2a   Section        0  llushr.o(.text)
    .text                                    0x08000a4a   Section        0  llsshr.o(.text)
    .text                                    0x08000a6e   Section        0  dsqrt.o(.text)
    i.BusFault_Handler                       0x08000b10   Section        0  stm32f10x_it.o(i.BusFault_Handler)
    i.DebugMon_Handler                       0x08000b14   Section        0  stm32f10x_it.o(i.DebugMon_Handler)
    i.Delay_Init                             0x08000b16   Section        0  delay.o(i.Delay_Init)
    i.Delay_ms                               0x08000b40   Section        0  delay.o(i.Delay_ms)
    i.Delay_us                               0x08000b58   Section        0  delay.o(i.Delay_us)
    i.FLASH_PrefetchBufferCmd                0x08000bec   Section        0  stm32f10x_flash.o(i.FLASH_PrefetchBufferCmd)
    i.FLASH_SetLatency                       0x08000c08   Section        0  stm32f10x_flash.o(i.FLASH_SetLatency)
    i.GPIO_Init                              0x08000c20   Section        0  stm32f10x_gpio.o(i.GPIO_Init)
    i.GPIO_SetBits                           0x08000d36   Section        0  stm32f10x_gpio.o(i.GPIO_SetBits)
    i.HardFault_Handler                      0x08000d3a   Section        0  stm32f10x_it.o(i.HardFault_Handler)
    i.I2C_AcknowledgeConfig                  0x08000d3e   Section        0  stm32f10x_i2c.o(i.I2C_AcknowledgeConfig)
    i.I2C_BufferRead                         0x08000d58   Section        0  i2c.o(i.I2C_BufferRead)
    i.I2C_BufferWrite                        0x08000e40   Section        0  i2c.o(i.I2C_BufferWrite)
    i.I2C_ByteWrite                          0x08000ee4   Section        0  i2c.o(i.I2C_ByteWrite)
    i.I2C_CheckEvent                         0x08000f60   Section        0  stm32f10x_i2c.o(i.I2C_CheckEvent)
    i.I2C_Cmd                                0x08000f8a   Section        0  stm32f10x_i2c.o(i.I2C_Cmd)
    i.I2C_GenerateSTART                      0x08000fa2   Section        0  stm32f10x_i2c.o(i.I2C_GenerateSTART)
    i.I2C_GenerateSTOP                       0x08000fba   Section        0  stm32f10x_i2c.o(i.I2C_GenerateSTOP)
    i.I2C_GetFlagStatus                      0x08000fd2   Section        0  stm32f10x_i2c.o(i.I2C_GetFlagStatus)
    i.I2C_Init                               0x0800100c   Section        0  stm32f10x_i2c.o(i.I2C_Init)
    i.I2C_ReceiveData                        0x080010f8   Section        0  stm32f10x_i2c.o(i.I2C_ReceiveData)
    i.I2C_Send7bitAddress                    0x08001100   Section        0  stm32f10x_i2c.o(i.I2C_Send7bitAddress)
    i.I2C_SendData                           0x08001112   Section        0  stm32f10x_i2c.o(i.I2C_SendData)
    i.Init_MPU6050                           0x08001118   Section        0  mpu6050.o(i.Init_MPU6050)
    i.MPU6xxx_Read_Len                       0x08001220   Section        0  mpu6050.o(i.MPU6xxx_Read_Len)
    i.MPU6xxx_Write_Len                      0x0800123e   Section        0  mpu6050.o(i.MPU6xxx_Write_Len)
    i.MemManage_Handler                      0x0800125c   Section        0  stm32f10x_it.o(i.MemManage_Handler)
    i.NMI_Handler                            0x08001260   Section        0  stm32f10x_it.o(i.NMI_Handler)
    i.PendSV_Handler                         0x08001262   Section        0  stm32f10x_it.o(i.PendSV_Handler)
    i.RCC_APB1PeriphClockCmd                 0x08001264   Section        0  stm32f10x_rcc.o(i.RCC_APB1PeriphClockCmd)
    i.RCC_APB2PeriphClockCmd                 0x08001284   Section        0  stm32f10x_rcc.o(i.RCC_APB2PeriphClockCmd)
    i.RCC_ClockSecuritySystemCmd             0x080012a4   Section        0  stm32f10x_rcc.o(i.RCC_ClockSecuritySystemCmd)
    i.RCC_Configuration                      0x080012b0   Section        0  delay.o(i.RCC_Configuration)
    i.RCC_DeInit                             0x08001320   Section        0  stm32f10x_rcc.o(i.RCC_DeInit)
    i.RCC_GetClocksFreq                      0x0800136c   Section        0  stm32f10x_rcc.o(i.RCC_GetClocksFreq)
    i.RCC_GetFlagStatus                      0x08001440   Section        0  stm32f10x_rcc.o(i.RCC_GetFlagStatus)
    i.RCC_GetSYSCLKSource                    0x0800147c   Section        0  stm32f10x_rcc.o(i.RCC_GetSYSCLKSource)
    i.RCC_HCLKConfig                         0x0800148c   Section        0  stm32f10x_rcc.o(i.RCC_HCLKConfig)
    i.RCC_HSEConfig                          0x080014a4   Section        0  stm32f10x_rcc.o(i.RCC_HSEConfig)
    i.RCC_PCLK1Config                        0x080014f0   Section        0  stm32f10x_rcc.o(i.RCC_PCLK1Config)
    i.RCC_PCLK2Config                        0x08001508   Section        0  stm32f10x_rcc.o(i.RCC_PCLK2Config)
    i.RCC_PLLCmd                             0x08001520   Section        0  stm32f10x_rcc.o(i.RCC_PLLCmd)
    i.RCC_PLLConfig                          0x0800152c   Section        0  stm32f10x_rcc.o(i.RCC_PLLConfig)
    i.RCC_SYSCLKConfig                       0x08001548   Section        0  stm32f10x_rcc.o(i.RCC_SYSCLKConfig)
    i.SVC_Handler                            0x08001560   Section        0  stm32f10x_it.o(i.SVC_Handler)
    i.SetSysClock                            0x08001562   Section        0  system_stm32f10x.o(i.SetSysClock)
    SetSysClock                              0x08001563   Thumb Code     8  system_stm32f10x.o(i.SetSysClock)
    i.SetSysClockTo72                        0x0800156c   Section        0  system_stm32f10x.o(i.SetSysClockTo72)
    SetSysClockTo72                          0x0800156d   Thumb Code   214  system_stm32f10x.o(i.SetSysClockTo72)
    i.SysTick_CLKSourceConfig                0x0800164c   Section        0  misc.o(i.SysTick_CLKSourceConfig)
    i.SysTick_Handler                        0x08001674   Section        0  stm32f10x_it.o(i.SysTick_Handler)
    i.SystemInit                             0x08001678   Section        0  system_stm32f10x.o(i.SystemInit)
    i.USART1_Config                          0x080016d8   Section        0  usart1.o(i.USART1_Config)
    i.USART_Cmd                              0x08001760   Section        0  stm32f10x_usart.o(i.USART_Cmd)
    i.USART_ITConfig                         0x08001778   Section        0  stm32f10x_usart.o(i.USART_ITConfig)
    i.USART_Init                             0x080017c4   Section        0  stm32f10x_usart.o(i.USART_Init)
    i.USART_SendData                         0x0800189c   Section        0  stm32f10x_usart.o(i.USART_SendData)
    i.UsageFault_Handler                     0x080018a4   Section        0  stm32f10x_it.o(i.UsageFault_Handler)
    i.__0printf                              0x080018a8   Section        0  printfa.o(i.__0printf)
    i.__ARM_fpclassify                       0x080018c8   Section        0  fpclassify.o(i.__ARM_fpclassify)
    i.__kernel_poly                          0x080018f0   Section        0  poly.o(i.__kernel_poly)
    i.__mathlib_dbl_infnan                   0x0800199a   Section        0  dunder.o(i.__mathlib_dbl_infnan)
    i.__mathlib_dbl_infnan2                  0x080019a0   Section        0  dunder.o(i.__mathlib_dbl_infnan2)
    i.__mathlib_dbl_invalid                  0x080019a4   Section        0  dunder.o(i.__mathlib_dbl_invalid)
    i.__mathlib_dbl_underflow                0x080019b0   Section        0  dunder.o(i.__mathlib_dbl_underflow)
    i.__scatterload_copy                     0x080019c0   Section       14  handlers.o(i.__scatterload_copy)
    i.__scatterload_null                     0x080019ce   Section        2  handlers.o(i.__scatterload_null)
    i.__scatterload_zeroinit                 0x080019d0   Section       14  handlers.o(i.__scatterload_zeroinit)
    i.__set_errno                            0x080019e0   Section        0  errno.o(i.__set_errno)
    i._fp_digits                             0x080019ec   Section        0  printfa.o(i._fp_digits)
    _fp_digits                               0x080019ed   Thumb Code   366  printfa.o(i._fp_digits)
    i._printf_core                           0x08001b70   Section        0  printfa.o(i._printf_core)
    _printf_core                             0x08001b71   Thumb Code  1744  printfa.o(i._printf_core)
    i._printf_post_padding                   0x0800224c   Section        0  printfa.o(i._printf_post_padding)
    _printf_post_padding                     0x0800224d   Thumb Code    36  printfa.o(i._printf_post_padding)
    i._printf_pre_padding                    0x08002270   Section        0  printfa.o(i._printf_pre_padding)
    _printf_pre_padding                      0x08002271   Thumb Code    46  printfa.o(i._printf_pre_padding)
    i.accel_self_test                        0x080022a0   Section        0  inv_mpu.o(i.accel_self_test)
    accel_self_test                          0x080022a1   Thumb Code   164  inv_mpu.o(i.accel_self_test)
    i.asin                                   0x08002348   Section        0  asin.o(i.asin)
    i.atan                                   0x080025b8   Section        0  atan.o(i.atan)
    i.atan2                                  0x080027d8   Section        0  atan2.o(i.atan2)
    i.bsp_I2c_Init                           0x08002958   Section        0  i2c.o(i.bsp_I2c_Init)
    i.decode_gesture                         0x080029e8   Section        0  inv_mpu_dmp_motion_driver.o(i.decode_gesture)
    decode_gesture                           0x080029e9   Thumb Code    94  inv_mpu_dmp_motion_driver.o(i.decode_gesture)
    i.dmp_enable_6x_lp_quat                  0x08002a4c   Section        0  inv_mpu_dmp_motion_driver.o(i.dmp_enable_6x_lp_quat)
    i.dmp_enable_feature                     0x08002a88   Section        0  inv_mpu_dmp_motion_driver.o(i.dmp_enable_feature)
    i.dmp_enable_gyro_cal                    0x08002ca4   Section        0  inv_mpu_dmp_motion_driver.o(i.dmp_enable_gyro_cal)
    i.dmp_enable_lp_quat                     0x08002cfc   Section        0  inv_mpu_dmp_motion_driver.o(i.dmp_enable_lp_quat)
    i.dmp_load_motion_driver_firmware        0x08002d38   Section        0  inv_mpu_dmp_motion_driver.o(i.dmp_load_motion_driver_firmware)
    i.dmp_read_fifo                          0x08002d50   Section        0  inv_mpu_dmp_motion_driver.o(i.dmp_read_fifo)
    i.dmp_set_accel_bias                     0x08002f1c   Section        0  inv_mpu_dmp_motion_driver.o(i.dmp_set_accel_bias)
    i.dmp_set_fifo_rate                      0x0800304c   Section        0  inv_mpu_dmp_motion_driver.o(i.dmp_set_fifo_rate)
    i.dmp_set_gyro_bias                      0x080030bc   Section        0  inv_mpu_dmp_motion_driver.o(i.dmp_set_gyro_bias)
    i.dmp_set_orientation                    0x080031ec   Section        0  inv_mpu_dmp_motion_driver.o(i.dmp_set_orientation)
    i.dmp_set_shake_reject_thresh            0x08003324   Section        0  inv_mpu_dmp_motion_driver.o(i.dmp_set_shake_reject_thresh)
    i.dmp_set_shake_reject_time              0x0800335c   Section        0  inv_mpu_dmp_motion_driver.o(i.dmp_set_shake_reject_time)
    i.dmp_set_shake_reject_timeout           0x08003382   Section        0  inv_mpu_dmp_motion_driver.o(i.dmp_set_shake_reject_timeout)
    i.dmp_set_tap_axes                       0x080033a8   Section        0  inv_mpu_dmp_motion_driver.o(i.dmp_set_tap_axes)
    i.dmp_set_tap_count                      0x080033ee   Section        0  inv_mpu_dmp_motion_driver.o(i.dmp_set_tap_count)
    i.dmp_set_tap_thresh                     0x08003414   Section        0  inv_mpu_dmp_motion_driver.o(i.dmp_set_tap_thresh)
    i.dmp_set_tap_time                       0x080035b4   Section        0  inv_mpu_dmp_motion_driver.o(i.dmp_set_tap_time)
    i.dmp_set_tap_time_multi                 0x080035da   Section        0  inv_mpu_dmp_motion_driver.o(i.dmp_set_tap_time_multi)
    i.fputc                                  0x08003600   Section        0  usart1.o(i.fputc)
    i.get_accel_prod_shift                   0x08003624   Section        0  inv_mpu.o(i.get_accel_prod_shift)
    get_accel_prod_shift                     0x08003625   Thumb Code   168  inv_mpu.o(i.get_accel_prod_shift)
    i.get_st_biases                          0x080036d8   Section        0  inv_mpu.o(i.get_st_biases)
    get_st_biases                            0x080036d9   Thumb Code  1132  inv_mpu.o(i.get_st_biases)
    i.gyro_self_test                         0x08003b48   Section        0  inv_mpu.o(i.gyro_self_test)
    gyro_self_test                           0x08003b49   Thumb Code   256  inv_mpu.o(i.gyro_self_test)
    i.inv_orientation_matrix_to_scalar       0x08003c58   Section        0  inv_mpu.o(i.inv_orientation_matrix_to_scalar)
    i.inv_row_2_scale                        0x08003c80   Section        0  inv_mpu.o(i.inv_row_2_scale)
    i.main                                   0x08003cd0   Section        0  main.o(i.main)
    i.mget_ms                                0x08003dec   Section        0  inv_mpu.o(i.mget_ms)
    i.mpu_configure_fifo                     0x08003df0   Section        0  inv_mpu.o(i.mpu_configure_fifo)
    i.mpu_dmp_get_data                       0x08003e60   Section        0  inv_mpu.o(i.mpu_dmp_get_data)
    i.mpu_dmp_init                           0x08004084   Section        0  inv_mpu.o(i.mpu_dmp_init)
    i.mpu_get_accel_fsr                      0x08004120   Section        0  inv_mpu.o(i.mpu_get_accel_fsr)
    i.mpu_get_accel_sens                     0x0800416c   Section        0  inv_mpu.o(i.mpu_get_accel_sens)
    i.mpu_get_fifo_config                    0x080041c0   Section        0  inv_mpu.o(i.mpu_get_fifo_config)
    i.mpu_get_gyro_fsr                       0x080041d0   Section        0  inv_mpu.o(i.mpu_get_gyro_fsr)
    i.mpu_get_gyro_sens                      0x08004214   Section        0  inv_mpu.o(i.mpu_get_gyro_sens)
    i.mpu_get_lpf                            0x08004264   Section        0  inv_mpu.o(i.mpu_get_lpf)
    i.mpu_get_sample_rate                    0x080042b4   Section        0  inv_mpu.o(i.mpu_get_sample_rate)
    i.mpu_init                               0x080042d4   Section        0  inv_mpu.o(i.mpu_init)
    i.mpu_load_firmware                      0x08004518   Section        0  inv_mpu.o(i.mpu_load_firmware)
    i.mpu_lp_accel_mode                      0x080045d0   Section        0  inv_mpu.o(i.mpu_lp_accel_mode)
    i.mpu_read_fifo_stream                   0x080046b0   Section        0  inv_mpu.o(i.mpu_read_fifo_stream)
    i.mpu_read_mem                           0x08004770   Section        0  inv_mpu.o(i.mpu_read_mem)
    i.mpu_reset_fifo                         0x080047f0   Section        0  inv_mpu.o(i.mpu_reset_fifo)
    i.mpu_run_self_test                      0x080049b8   Section        0  inv_mpu.o(i.mpu_run_self_test)
    i.mpu_set_accel_fsr                      0x08004ad4   Section        0  inv_mpu.o(i.mpu_set_accel_fsr)
    i.mpu_set_bypass                         0x08004b58   Section        0  inv_mpu.o(i.mpu_set_bypass)
    i.mpu_set_dmp_state                      0x08004ca4   Section        0  inv_mpu.o(i.mpu_set_dmp_state)
    i.mpu_set_gyro_fsr                       0x08004d34   Section        0  inv_mpu.o(i.mpu_set_gyro_fsr)
    i.mpu_set_int_latched                    0x08004dbc   Section        0  inv_mpu.o(i.mpu_set_int_latched)
    i.mpu_set_lpf                            0x08004e28   Section        0  inv_mpu.o(i.mpu_set_lpf)
    i.mpu_set_sample_rate                    0x08004eac   Section        0  inv_mpu.o(i.mpu_set_sample_rate)
    i.mpu_set_sensors                        0x08004f48   Section        0  inv_mpu.o(i.mpu_set_sensors)
    i.mpu_write_mem                          0x08005018   Section        0  inv_mpu.o(i.mpu_write_mem)
    i.run_self_test                          0x08005098   Section        0  inv_mpu.o(i.run_self_test)
    i.set_int_enable                         0x0800512c   Section        0  inv_mpu.o(i.set_int_enable)
    set_int_enable                           0x0800512d   Thumb Code   138  inv_mpu.o(i.set_int_enable)
    i.sqrt                                   0x080051bc   Section        0  sqrt.o(i.sqrt)
    .constdata                               0x08005208   Section       80  inv_mpu.o(.constdata)
    .constdata                               0x08005258   Section     3062  inv_mpu_dmp_motion_driver.o(.constdata)
    dmp_memory                               0x08005258   Data        3062  inv_mpu_dmp_motion_driver.o(.constdata)
    .constdata                               0x08005e50   Section        6  mpu6050.o(.constdata)
    .constdata                               0x08005e58   Section       80  asin.o(.constdata)
    pS                                       0x08005e58   Data          48  asin.o(.constdata)
    qS                                       0x08005e88   Data          32  asin.o(.constdata)
    .constdata                               0x08005ea8   Section      152  atan.o(.constdata)
    atanhi                                   0x08005ea8   Data          32  atan.o(.constdata)
    atanlo                                   0x08005ec8   Data          32  atan.o(.constdata)
    aTodd                                    0x08005ee8   Data          40  atan.o(.constdata)
    aTeven                                   0x08005f10   Data          48  atan.o(.constdata)
    .constdata                               0x08005f40   Section        8  qnan.o(.constdata)
    .conststring                             0x08005f48   Section       77  inv_mpu.o(.conststring)
    .data                                    0x20000000   Section       20  stm32f10x_rcc.o(.data)
    APBAHBPrescTable                         0x20000000   Data          16  stm32f10x_rcc.o(.data)
    ADCPrescTable                            0x20000010   Data           4  stm32f10x_rcc.o(.data)
    .data                                    0x20000014   Section       53  inv_mpu.o(.data)
    st                                       0x20000014   Data          44  inv_mpu.o(.data)
    gyro_orientation                         0x20000040   Data           9  inv_mpu.o(.data)
    .data                                    0x2000004c   Section        4  stdout.o(.data)
    .data                                    0x20000050   Section        4  errno.o(.data)
    _errno                                   0x20000050   Data           4  errno.o(.data)
    .bss                                     0x20000054   Section       16  inv_mpu_dmp_motion_driver.o(.bss)
    dmp                                      0x20000054   Data          16  inv_mpu_dmp_motion_driver.o(.bss)
    STACK                                    0x20000068   Section     1024  startup_stm32f10x_hd.o(STACK)

    Global Symbols

    Symbol Name                              Value     Ov Type        Size  Object(Section)

    BuildAttributes$$THM_ISAv4$P$D$K$B$S$PE$A:L22UL41UL21$X:L11$S22US41US21$IEEE1$IW$USESV6$~STKCKD$USESV7$~SHL$OTIME$ROPI$IEEEX$EBA8$MICROLIB$REQ8$PRES8$EABIv2 0x00000000   Number         0  anon$$obj.o ABSOLUTE
    __ARM_use_no_argv                        0x00000000   Number         0  main.o ABSOLUTE
    _printf_a                                0x00000000   Number         0  stubs.o ABSOLUTE
    _printf_c                                0x00000000   Number         0  stubs.o ABSOLUTE
    _printf_charcount                        0x00000000   Number         0  stubs.o ABSOLUTE
    _printf_d                                0x00000000   Number         0  stubs.o ABSOLUTE
    _printf_e                                0x00000000   Number         0  stubs.o ABSOLUTE
    _printf_f                                0x00000000   Number         0  stubs.o ABSOLUTE
    _printf_flags                            0x00000000   Number         0  stubs.o ABSOLUTE
    _printf_fp_dec                           0x00000000   Number         0  stubs.o ABSOLUTE
    _printf_fp_hex                           0x00000000   Number         0  stubs.o ABSOLUTE
    _printf_g                                0x00000000   Number         0  stubs.o ABSOLUTE
    _printf_i                                0x00000000   Number         0  stubs.o ABSOLUTE
    _printf_int_dec                          0x00000000   Number         0  stubs.o ABSOLUTE
    _printf_l                                0x00000000   Number         0  stubs.o ABSOLUTE
    _printf_lc                               0x00000000   Number         0  stubs.o ABSOLUTE
    _printf_ll                               0x00000000   Number         0  stubs.o ABSOLUTE
    _printf_lld                              0x00000000   Number         0  stubs.o ABSOLUTE
    _printf_lli                              0x00000000   Number         0  stubs.o ABSOLUTE
    _printf_llo                              0x00000000   Number         0  stubs.o ABSOLUTE
    _printf_llu                              0x00000000   Number         0  stubs.o ABSOLUTE
    _printf_llx                              0x00000000   Number         0  stubs.o ABSOLUTE
    _printf_longlong_dec                     0x00000000   Number         0  stubs.o ABSOLUTE
    _printf_longlong_hex                     0x00000000   Number         0  stubs.o ABSOLUTE
    _printf_longlong_oct                     0x00000000   Number         0  stubs.o ABSOLUTE
    _printf_ls                               0x00000000   Number         0  stubs.o ABSOLUTE
    _printf_mbtowc                           0x00000000   Number         0  stubs.o ABSOLUTE
    _printf_n                                0x00000000   Number         0  stubs.o ABSOLUTE
    _printf_o                                0x00000000   Number         0  stubs.o ABSOLUTE
    _printf_p                                0x00000000   Number         0  stubs.o ABSOLUTE
    _printf_percent                          0x00000000   Number         0  stubs.o ABSOLUTE
    _printf_pre_padding                      0x00000000   Number         0  stubs.o ABSOLUTE
    _printf_return_value                     0x00000000   Number         0  stubs.o ABSOLUTE
    _printf_s                                0x00000000   Number         0  stubs.o ABSOLUTE
    _printf_sizespec                         0x00000000   Number         0  stubs.o ABSOLUTE
    _printf_str                              0x00000000   Number         0  stubs.o ABSOLUTE
    _printf_truncate_signed                  0x00000000   Number         0  stubs.o ABSOLUTE
    _printf_truncate_unsigned                0x00000000   Number         0  stubs.o ABSOLUTE
    _printf_u                                0x00000000   Number         0  stubs.o ABSOLUTE
    _printf_wc                               0x00000000   Number         0  stubs.o ABSOLUTE
    _printf_wctomb                           0x00000000   Number         0  stubs.o ABSOLUTE
    _printf_widthprec                        0x00000000   Number         0  stubs.o ABSOLUTE
    _printf_x                                0x00000000   Number         0  stubs.o ABSOLUTE
    __cpp_initialize__aeabi_                  - Undefined Weak Reference
    __cxa_finalize                            - Undefined Weak Reference
    __decompress                              - Undefined Weak Reference
    _clock_init                               - Undefined Weak Reference
    _microlib_exit                            - Undefined Weak Reference
    __Vectors_Size                           0x00000130   Number         0  startup_stm32f10x_hd.o ABSOLUTE
    __Vectors                                0x08000000   Data           4  startup_stm32f10x_hd.o(RESET)
    __Vectors_End                            0x08000130   Data           0  startup_stm32f10x_hd.o(RESET)
    __main                                   0x08000131   Thumb Code     0  entry.o(.ARM.Collect$$$$00000000)
    _main_stk                                0x08000131   Thumb Code     0  entry2.o(.ARM.Collect$$$$00000001)
    _main_scatterload                        0x08000135   Thumb Code     0  entry5.o(.ARM.Collect$$$$00000004)
    __main_after_scatterload                 0x08000139   Thumb Code     0  entry5.o(.ARM.Collect$$$$00000004)
    _main_clock                              0x08000139   Thumb Code     0  entry7b.o(.ARM.Collect$$$$00000008)
    _main_cpp_init                           0x08000139   Thumb Code     0  entry8b.o(.ARM.Collect$$$$0000000A)
    _main_init                               0x08000139   Thumb Code     0  entry9a.o(.ARM.Collect$$$$0000000B)
    __rt_final_cpp                           0x08000141   Thumb Code     0  entry10a.o(.ARM.Collect$$$$0000000D)
    __rt_final_exit                          0x08000141   Thumb Code     0  entry11a.o(.ARM.Collect$$$$0000000F)
    Reset_Handler                            0x08000145   Thumb Code     8  startup_stm32f10x_hd.o(.text)
    ADC1_2_IRQHandler                        0x0800015f   Thumb Code     0  startup_stm32f10x_hd.o(.text)
    ADC3_IRQHandler                          0x0800015f   Thumb Code     0  startup_stm32f10x_hd.o(.text)
    CAN1_RX1_IRQHandler                      0x0800015f   Thumb Code     0  startup_stm32f10x_hd.o(.text)
    CAN1_SCE_IRQHandler                      0x0800015f   Thumb Code     0  startup_stm32f10x_hd.o(.text)
    DMA1_Channel1_IRQHandler                 0x0800015f   Thumb Code     0  startup_stm32f10x_hd.o(.text)
    DMA1_Channel2_IRQHandler                 0x0800015f   Thumb Code     0  startup_stm32f10x_hd.o(.text)
    DMA1_Channel3_IRQHandler                 0x0800015f   Thumb Code     0  startup_stm32f10x_hd.o(.text)
    DMA1_Channel4_IRQHandler                 0x0800015f   Thumb Code     0  startup_stm32f10x_hd.o(.text)
    DMA1_Channel5_IRQHandler                 0x0800015f   Thumb Code     0  startup_stm32f10x_hd.o(.text)
    DMA1_Channel6_IRQHandler                 0x0800015f   Thumb Code     0  startup_stm32f10x_hd.o(.text)
    DMA1_Channel7_IRQHandler                 0x0800015f   Thumb Code     0  startup_stm32f10x_hd.o(.text)
    DMA2_Channel1_IRQHandler                 0x0800015f   Thumb Code     0  startup_stm32f10x_hd.o(.text)
    DMA2_Channel2_IRQHandler                 0x0800015f   Thumb Code     0  startup_stm32f10x_hd.o(.text)
    DMA2_Channel3_IRQHandler                 0x0800015f   Thumb Code     0  startup_stm32f10x_hd.o(.text)
    DMA2_Channel4_5_IRQHandler               0x0800015f   Thumb Code     0  startup_stm32f10x_hd.o(.text)
    EXTI0_IRQHandler                         0x0800015f   Thumb Code     0  startup_stm32f10x_hd.o(.text)
    EXTI15_10_IRQHandler                     0x0800015f   Thumb Code     0  startup_stm32f10x_hd.o(.text)
    EXTI1_IRQHandler                         0x0800015f   Thumb Code     0  startup_stm32f10x_hd.o(.text)
    EXTI2_IRQHandler                         0x0800015f   Thumb Code     0  startup_stm32f10x_hd.o(.text)
    EXTI3_IRQHandler                         0x0800015f   Thumb Code     0  startup_stm32f10x_hd.o(.text)
    EXTI4_IRQHandler                         0x0800015f   Thumb Code     0  startup_stm32f10x_hd.o(.text)
    EXTI9_5_IRQHandler                       0x0800015f   Thumb Code     0  startup_stm32f10x_hd.o(.text)
    FLASH_IRQHandler                         0x0800015f   Thumb Code     0  startup_stm32f10x_hd.o(.text)
    FSMC_IRQHandler                          0x0800015f   Thumb Code     0  startup_stm32f10x_hd.o(.text)
    I2C1_ER_IRQHandler                       0x0800015f   Thumb Code     0  startup_stm32f10x_hd.o(.text)
    I2C1_EV_IRQHandler                       0x0800015f   Thumb Code     0  startup_stm32f10x_hd.o(.text)
    I2C2_ER_IRQHandler                       0x0800015f   Thumb Code     0  startup_stm32f10x_hd.o(.text)
    I2C2_EV_IRQHandler                       0x0800015f   Thumb Code     0  startup_stm32f10x_hd.o(.text)
    PVD_IRQHandler                           0x0800015f   Thumb Code     0  startup_stm32f10x_hd.o(.text)
    RCC_IRQHandler                           0x0800015f   Thumb Code     0  startup_stm32f10x_hd.o(.text)
    RTCAlarm_IRQHandler                      0x0800015f   Thumb Code     0  startup_stm32f10x_hd.o(.text)
    RTC_IRQHandler                           0x0800015f   Thumb Code     0  startup_stm32f10x_hd.o(.text)
    SDIO_IRQHandler                          0x0800015f   Thumb Code     0  startup_stm32f10x_hd.o(.text)
    SPI1_IRQHandler                          0x0800015f   Thumb Code     0  startup_stm32f10x_hd.o(.text)
    SPI2_IRQHandler                          0x0800015f   Thumb Code     0  startup_stm32f10x_hd.o(.text)
    SPI3_IRQHandler                          0x0800015f   Thumb Code     0  startup_stm32f10x_hd.o(.text)
    TAMPER_IRQHandler                        0x0800015f   Thumb Code     0  startup_stm32f10x_hd.o(.text)
    TIM1_BRK_IRQHandler                      0x0800015f   Thumb Code     0  startup_stm32f10x_hd.o(.text)
    TIM1_CC_IRQHandler                       0x0800015f   Thumb Code     0  startup_stm32f10x_hd.o(.text)
    TIM1_TRG_COM_IRQHandler                  0x0800015f   Thumb Code     0  startup_stm32f10x_hd.o(.text)
    TIM1_UP_IRQHandler                       0x0800015f   Thumb Code     0  startup_stm32f10x_hd.o(.text)
    TIM2_IRQHandler                          0x0800015f   Thumb Code     0  startup_stm32f10x_hd.o(.text)
    TIM3_IRQHandler                          0x0800015f   Thumb Code     0  startup_stm32f10x_hd.o(.text)
    TIM4_IRQHandler                          0x0800015f   Thumb Code     0  startup_stm32f10x_hd.o(.text)
    TIM5_IRQHandler                          0x0800015f   Thumb Code     0  startup_stm32f10x_hd.o(.text)
    TIM6_IRQHandler                          0x0800015f   Thumb Code     0  startup_stm32f10x_hd.o(.text)
    TIM7_IRQHandler                          0x0800015f   Thumb Code     0  startup_stm32f10x_hd.o(.text)
    TIM8_BRK_IRQHandler                      0x0800015f   Thumb Code     0  startup_stm32f10x_hd.o(.text)
    TIM8_CC_IRQHandler                       0x0800015f   Thumb Code     0  startup_stm32f10x_hd.o(.text)
    TIM8_TRG_COM_IRQHandler                  0x0800015f   Thumb Code     0  startup_stm32f10x_hd.o(.text)
    TIM8_UP_IRQHandler                       0x0800015f   Thumb Code     0  startup_stm32f10x_hd.o(.text)
    UART4_IRQHandler                         0x0800015f   Thumb Code     0  startup_stm32f10x_hd.o(.text)
    UART5_IRQHandler                         0x0800015f   Thumb Code     0  startup_stm32f10x_hd.o(.text)
    USART1_IRQHandler                        0x0800015f   Thumb Code     0  startup_stm32f10x_hd.o(.text)
    USART2_IRQHandler                        0x0800015f   Thumb Code     0  startup_stm32f10x_hd.o(.text)
    USART3_IRQHandler                        0x0800015f   Thumb Code     0  startup_stm32f10x_hd.o(.text)
    USBWakeUp_IRQHandler                     0x0800015f   Thumb Code     0  startup_stm32f10x_hd.o(.text)
    USB_HP_CAN1_TX_IRQHandler                0x0800015f   Thumb Code     0  startup_stm32f10x_hd.o(.text)
    USB_LP_CAN1_RX0_IRQHandler               0x0800015f   Thumb Code     0  startup_stm32f10x_hd.o(.text)
    WWDG_IRQHandler                          0x0800015f   Thumb Code     0  startup_stm32f10x_hd.o(.text)
    __aeabi_ldivmod                          0x08000169   Thumb Code    98  ldiv.o(.text)
    __aeabi_memset                           0x080001cb   Thumb Code    14  memseta.o(.text)
    __aeabi_memset4                          0x080001cb   Thumb Code     0  memseta.o(.text)
    __aeabi_memset8                          0x080001cb   Thumb Code     0  memseta.o(.text)
    __aeabi_memclr                           0x080001d9   Thumb Code     4  memseta.o(.text)
    __aeabi_memclr4                          0x080001d9   Thumb Code     0  memseta.o(.text)
    __aeabi_memclr8                          0x080001d9   Thumb Code     0  memseta.o(.text)
    _memset$wrapper                          0x080001dd   Thumb Code    18  memseta.o(.text)
    memcmp                                   0x080001ef   Thumb Code    26  memcmp.o(.text)
    __aeabi_fadd                             0x08000209   Thumb Code   164  fadd.o(.text)
    __aeabi_fsub                             0x080002ad   Thumb Code     6  fadd.o(.text)
    __aeabi_frsub                            0x080002b3   Thumb Code     6  fadd.o(.text)
    __aeabi_fmul                             0x080002b9   Thumb Code   100  fmul.o(.text)
    __aeabi_fdiv                             0x0800031d   Thumb Code   124  fdiv.o(.text)
    __aeabi_dmul                             0x08000399   Thumb Code   228  dmul.o(.text)
    __aeabi_i2f                              0x0800047d   Thumb Code    18  fflti.o(.text)
    __aeabi_ui2f                             0x0800048f   Thumb Code    10  ffltui.o(.text)
    __aeabi_f2iz                             0x08000499   Thumb Code    50  ffixi.o(.text)
    __aeabi_f2uiz                            0x080004cb   Thumb Code    40  ffixui.o(.text)
    __aeabi_f2d                              0x080004f3   Thumb Code    38  f2d.o(.text)
    __aeabi_d2f                              0x08000519   Thumb Code    56  d2f.o(.text)
    __aeabi_cfcmpeq                          0x08000551   Thumb Code     0  cfcmple.o(.text)
    __aeabi_cfcmple                          0x08000551   Thumb Code    20  cfcmple.o(.text)
    __aeabi_cfrcmple                         0x08000565   Thumb Code    20  cfrcmple.o(.text)
    __aeabi_uidiv                            0x08000579   Thumb Code     0  uidiv.o(.text)
    __aeabi_uidivmod                         0x08000579   Thumb Code    44  uidiv.o(.text)
    __aeabi_uldivmod                         0x080005a5   Thumb Code    98  uldiv.o(.text)
    __I$use$fp                               0x08000607   Thumb Code     0  iusefp.o(.text)
    _float_round                             0x08000607   Thumb Code    18  fepilogue.o(.text)
    _float_epilogue                          0x08000619   Thumb Code    92  fepilogue.o(.text)
    _double_round                            0x08000675   Thumb Code    30  depilogue.o(.text)
    _double_epilogue                         0x08000693   Thumb Code   156  depilogue.o(.text)
    __aeabi_dadd                             0x0800072f   Thumb Code   322  dadd.o(.text)
    __aeabi_dsub                             0x08000871   Thumb Code     6  dadd.o(.text)
    __aeabi_drsub                            0x08000877   Thumb Code     6  dadd.o(.text)
    __aeabi_ddiv                             0x0800087d   Thumb Code   222  ddiv.o(.text)
    __ARM_scalbn                             0x0800095b   Thumb Code    46  dscalb.o(.text)
    scalbn                                   0x0800095b   Thumb Code     0  dscalb.o(.text)
    __aeabi_d2ulz                            0x08000989   Thumb Code    48  dfixul.o(.text)
    __aeabi_cdrcmple                         0x080009b9   Thumb Code    48  cdrcmple.o(.text)
    __scatterload                            0x080009e9   Thumb Code    28  init.o(.text)
    __scatterload_rt2                        0x080009e9   Thumb Code     0  init.o(.text)
    __aeabi_llsl                             0x08000a0d   Thumb Code    30  llshl.o(.text)
    _ll_shift_l                              0x08000a0d   Thumb Code     0  llshl.o(.text)
    __aeabi_llsr                             0x08000a2b   Thumb Code    32  llushr.o(.text)
    _ll_ushift_r                             0x08000a2b   Thumb Code     0  llushr.o(.text)
    __aeabi_lasr                             0x08000a4b   Thumb Code    36  llsshr.o(.text)
    _ll_sshift_r                             0x08000a4b   Thumb Code     0  llsshr.o(.text)
    _dsqrt                                   0x08000a6f   Thumb Code   162  dsqrt.o(.text)
    BusFault_Handler                         0x08000b11   Thumb Code     4  stm32f10x_it.o(i.BusFault_Handler)
    DebugMon_Handler                         0x08000b15   Thumb Code     2  stm32f10x_it.o(i.DebugMon_Handler)
    Delay_Init                               0x08000b17   Thumb Code    42  delay.o(i.Delay_Init)
    Delay_ms                                 0x08000b41   Thumb Code    24  delay.o(i.Delay_ms)
    Delay_us                                 0x08000b59   Thumb Code   138  delay.o(i.Delay_us)
    FLASH_PrefetchBufferCmd                  0x08000bed   Thumb Code    22  stm32f10x_flash.o(i.FLASH_PrefetchBufferCmd)
    FLASH_SetLatency                         0x08000c09   Thumb Code    18  stm32f10x_flash.o(i.FLASH_SetLatency)
    GPIO_Init                                0x08000c21   Thumb Code   278  stm32f10x_gpio.o(i.GPIO_Init)
    GPIO_SetBits                             0x08000d37   Thumb Code     4  stm32f10x_gpio.o(i.GPIO_SetBits)
    HardFault_Handler                        0x08000d3b   Thumb Code     4  stm32f10x_it.o(i.HardFault_Handler)
    I2C_AcknowledgeConfig                    0x08000d3f   Thumb Code    24  stm32f10x_i2c.o(i.I2C_AcknowledgeConfig)
    I2C_BufferRead                           0x08000d59   Thumb Code   218  i2c.o(i.I2C_BufferRead)
    I2C_BufferWrite                          0x08000e41   Thumb Code   150  i2c.o(i.I2C_BufferWrite)
    I2C_ByteWrite                            0x08000ee5   Thumb Code   112  i2c.o(i.I2C_ByteWrite)
    I2C_CheckEvent                           0x08000f61   Thumb Code    42  stm32f10x_i2c.o(i.I2C_CheckEvent)
    I2C_Cmd                                  0x08000f8b   Thumb Code    24  stm32f10x_i2c.o(i.I2C_Cmd)
    I2C_GenerateSTART                        0x08000fa3   Thumb Code    24  stm32f10x_i2c.o(i.I2C_GenerateSTART)
    I2C_GenerateSTOP                         0x08000fbb   Thumb Code    24  stm32f10x_i2c.o(i.I2C_GenerateSTOP)
    I2C_GetFlagStatus                        0x08000fd3   Thumb Code    58  stm32f10x_i2c.o(i.I2C_GetFlagStatus)
    I2C_Init                                 0x0800100d   Thumb Code   222  stm32f10x_i2c.o(i.I2C_Init)
    I2C_ReceiveData                          0x080010f9   Thumb Code     8  stm32f10x_i2c.o(i.I2C_ReceiveData)
    I2C_Send7bitAddress                      0x08001101   Thumb Code    18  stm32f10x_i2c.o(i.I2C_Send7bitAddress)
    I2C_SendData                             0x08001113   Thumb Code     4  stm32f10x_i2c.o(i.I2C_SendData)
    Init_MPU6050                             0x08001119   Thumb Code   178  mpu6050.o(i.Init_MPU6050)
    MPU6xxx_Read_Len                         0x08001221   Thumb Code    30  mpu6050.o(i.MPU6xxx_Read_Len)
    MPU6xxx_Write_Len                        0x0800123f   Thumb Code    30  mpu6050.o(i.MPU6xxx_Write_Len)
    MemManage_Handler                        0x0800125d   Thumb Code     4  stm32f10x_it.o(i.MemManage_Handler)
    NMI_Handler                              0x08001261   Thumb Code     2  stm32f10x_it.o(i.NMI_Handler)
    PendSV_Handler                           0x08001263   Thumb Code     2  stm32f10x_it.o(i.PendSV_Handler)
    RCC_APB1PeriphClockCmd                   0x08001265   Thumb Code    26  stm32f10x_rcc.o(i.RCC_APB1PeriphClockCmd)
    RCC_APB2PeriphClockCmd                   0x08001285   Thumb Code    26  stm32f10x_rcc.o(i.RCC_APB2PeriphClockCmd)
    RCC_ClockSecuritySystemCmd               0x080012a5   Thumb Code     6  stm32f10x_rcc.o(i.RCC_ClockSecuritySystemCmd)
    RCC_Configuration                        0x080012b1   Thumb Code   112  delay.o(i.RCC_Configuration)
    RCC_DeInit                               0x08001321   Thumb Code    64  stm32f10x_rcc.o(i.RCC_DeInit)
    RCC_GetClocksFreq                        0x0800136d   Thumb Code   192  stm32f10x_rcc.o(i.RCC_GetClocksFreq)
    RCC_GetFlagStatus                        0x08001441   Thumb Code    56  stm32f10x_rcc.o(i.RCC_GetFlagStatus)
    RCC_GetSYSCLKSource                      0x0800147d   Thumb Code    10  stm32f10x_rcc.o(i.RCC_GetSYSCLKSource)
    RCC_HCLKConfig                           0x0800148d   Thumb Code    18  stm32f10x_rcc.o(i.RCC_HCLKConfig)
    RCC_HSEConfig                            0x080014a5   Thumb Code    70  stm32f10x_rcc.o(i.RCC_HSEConfig)
    RCC_PCLK1Config                          0x080014f1   Thumb Code    18  stm32f10x_rcc.o(i.RCC_PCLK1Config)
    RCC_PCLK2Config                          0x08001509   Thumb Code    20  stm32f10x_rcc.o(i.RCC_PCLK2Config)
    RCC_PLLCmd                               0x08001521   Thumb Code     6  stm32f10x_rcc.o(i.RCC_PLLCmd)
    RCC_PLLConfig                            0x0800152d   Thumb Code    24  stm32f10x_rcc.o(i.RCC_PLLConfig)
    RCC_SYSCLKConfig                         0x08001549   Thumb Code    18  stm32f10x_rcc.o(i.RCC_SYSCLKConfig)
    SVC_Handler                              0x08001561   Thumb Code     2  stm32f10x_it.o(i.SVC_Handler)
    SysTick_CLKSourceConfig                  0x0800164d   Thumb Code    40  misc.o(i.SysTick_CLKSourceConfig)
    SysTick_Handler                          0x08001675   Thumb Code     2  stm32f10x_it.o(i.SysTick_Handler)
    SystemInit                               0x08001679   Thumb Code    78  system_stm32f10x.o(i.SystemInit)
    USART1_Config                            0x080016d9   Thumb Code   126  usart1.o(i.USART1_Config)
    USART_Cmd                                0x08001761   Thumb Code    24  stm32f10x_usart.o(i.USART_Cmd)
    USART_ITConfig                           0x08001779   Thumb Code    74  stm32f10x_usart.o(i.USART_ITConfig)
    USART_Init                               0x080017c5   Thumb Code   210  stm32f10x_usart.o(i.USART_Init)
    USART_SendData                           0x0800189d   Thumb Code     8  stm32f10x_usart.o(i.USART_SendData)
    UsageFault_Handler                       0x080018a5   Thumb Code     4  stm32f10x_it.o(i.UsageFault_Handler)
    __0printf                                0x080018a9   Thumb Code    22  printfa.o(i.__0printf)
    __1printf                                0x080018a9   Thumb Code     0  printfa.o(i.__0printf)
    __2printf                                0x080018a9   Thumb Code     0  printfa.o(i.__0printf)
    __c89printf                              0x080018a9   Thumb Code     0  printfa.o(i.__0printf)
    printf                                   0x080018a9   Thumb Code     0  printfa.o(i.__0printf)
    __ARM_fpclassify                         0x080018c9   Thumb Code    40  fpclassify.o(i.__ARM_fpclassify)
    __kernel_poly                            0x080018f1   Thumb Code   170  poly.o(i.__kernel_poly)
    __mathlib_dbl_infnan                     0x0800199b   Thumb Code     6  dunder.o(i.__mathlib_dbl_infnan)
    __mathlib_dbl_infnan2                    0x080019a1   Thumb Code     4  dunder.o(i.__mathlib_dbl_infnan2)
    __mathlib_dbl_invalid                    0x080019a5   Thumb Code    12  dunder.o(i.__mathlib_dbl_invalid)
    __mathlib_dbl_underflow                  0x080019b1   Thumb Code    10  dunder.o(i.__mathlib_dbl_underflow)
    __scatterload_copy                       0x080019c1   Thumb Code    14  handlers.o(i.__scatterload_copy)
    __scatterload_null                       0x080019cf   Thumb Code     2  handlers.o(i.__scatterload_null)
    __scatterload_zeroinit                   0x080019d1   Thumb Code    14  handlers.o(i.__scatterload_zeroinit)
    __set_errno                              0x080019e1   Thumb Code     6  errno.o(i.__set_errno)
    asin                                     0x08002349   Thumb Code   572  asin.o(i.asin)
    atan                                     0x080025b9   Thumb Code   474  atan.o(i.atan)
    atan2                                    0x080027d9   Thumb Code   346  atan2.o(i.atan2)
    bsp_I2c_Init                             0x08002959   Thumb Code   132  i2c.o(i.bsp_I2c_Init)
    dmp_enable_6x_lp_quat                    0x08002a4d   Thumb Code    60  inv_mpu_dmp_motion_driver.o(i.dmp_enable_6x_lp_quat)
    dmp_enable_feature                       0x08002a89   Thumb Code   530  inv_mpu_dmp_motion_driver.o(i.dmp_enable_feature)
    dmp_enable_gyro_cal                      0x08002ca5   Thumb Code    62  inv_mpu_dmp_motion_driver.o(i.dmp_enable_gyro_cal)
    dmp_enable_lp_quat                       0x08002cfd   Thumb Code    60  inv_mpu_dmp_motion_driver.o(i.dmp_enable_lp_quat)
    dmp_load_motion_driver_firmware          0x08002d39   Thumb Code    20  inv_mpu_dmp_motion_driver.o(i.dmp_load_motion_driver_firmware)
    dmp_read_fifo                            0x08002d51   Thumb Code   456  inv_mpu_dmp_motion_driver.o(i.dmp_read_fifo)
    dmp_set_accel_bias                       0x08002f1d   Thumb Code   300  inv_mpu_dmp_motion_driver.o(i.dmp_set_accel_bias)
    dmp_set_fifo_rate                        0x0800304d   Thumb Code    96  inv_mpu_dmp_motion_driver.o(i.dmp_set_fifo_rate)
    dmp_set_gyro_bias                        0x080030bd   Thumb Code   294  inv_mpu_dmp_motion_driver.o(i.dmp_set_gyro_bias)
    dmp_set_orientation                      0x080031ed   Thumb Code   290  inv_mpu_dmp_motion_driver.o(i.dmp_set_orientation)
    dmp_set_shake_reject_thresh              0x08003325   Thumb Code    56  inv_mpu_dmp_motion_driver.o(i.dmp_set_shake_reject_thresh)
    dmp_set_shake_reject_time                0x0800335d   Thumb Code    38  inv_mpu_dmp_motion_driver.o(i.dmp_set_shake_reject_time)
    dmp_set_shake_reject_timeout             0x08003383   Thumb Code    38  inv_mpu_dmp_motion_driver.o(i.dmp_set_shake_reject_timeout)
    dmp_set_tap_axes                         0x080033a9   Thumb Code    70  inv_mpu_dmp_motion_driver.o(i.dmp_set_tap_axes)
    dmp_set_tap_count                        0x080033ef   Thumb Code    38  inv_mpu_dmp_motion_driver.o(i.dmp_set_tap_count)
    dmp_set_tap_thresh                       0x08003415   Thumb Code   396  inv_mpu_dmp_motion_driver.o(i.dmp_set_tap_thresh)
    dmp_set_tap_time                         0x080035b5   Thumb Code    38  inv_mpu_dmp_motion_driver.o(i.dmp_set_tap_time)
    dmp_set_tap_time_multi                   0x080035db   Thumb Code    38  inv_mpu_dmp_motion_driver.o(i.dmp_set_tap_time_multi)
    fputc                                    0x08003601   Thumb Code    32  usart1.o(i.fputc)
    inv_orientation_matrix_to_scalar         0x08003c59   Thumb Code    40  inv_mpu.o(i.inv_orientation_matrix_to_scalar)
    inv_row_2_scale                          0x08003c81   Thumb Code    78  inv_mpu.o(i.inv_row_2_scale)
    main                                     0x08003cd1   Thumb Code   162  main.o(i.main)
    mget_ms                                  0x08003ded   Thumb Code     2  inv_mpu.o(i.mget_ms)
    mpu_configure_fifo                       0x08003df1   Thumb Code   106  inv_mpu.o(i.mpu_configure_fifo)
    mpu_dmp_get_data                         0x08003e61   Thumb Code   544  inv_mpu.o(i.mpu_dmp_get_data)
    mpu_dmp_init                             0x08004085   Thumb Code   150  inv_mpu.o(i.mpu_dmp_init)
    mpu_get_accel_fsr                        0x08004121   Thumb Code    72  inv_mpu.o(i.mpu_get_accel_fsr)
    mpu_get_accel_sens                       0x0800416d   Thumb Code    78  inv_mpu.o(i.mpu_get_accel_sens)
    mpu_get_fifo_config                      0x080041c1   Thumb Code    12  inv_mpu.o(i.mpu_get_fifo_config)
    mpu_get_gyro_fsr                         0x080041d1   Thumb Code    64  inv_mpu.o(i.mpu_get_gyro_fsr)
    mpu_get_gyro_sens                        0x08004215   Thumb Code    58  inv_mpu.o(i.mpu_get_gyro_sens)
    mpu_get_lpf                              0x08004265   Thumb Code    74  inv_mpu.o(i.mpu_get_lpf)
    mpu_get_sample_rate                      0x080042b5   Thumb Code    26  inv_mpu.o(i.mpu_get_sample_rate)
    mpu_init                                 0x080042d5   Thumb Code   434  inv_mpu.o(i.mpu_init)
    mpu_load_firmware                        0x08004519   Thumb Code   180  inv_mpu.o(i.mpu_load_firmware)
    mpu_lp_accel_mode                        0x080045d1   Thumb Code   218  inv_mpu.o(i.mpu_lp_accel_mode)
    mpu_read_fifo_stream                     0x080046b1   Thumb Code   186  inv_mpu.o(i.mpu_read_fifo_stream)
    mpu_read_mem                             0x08004771   Thumb Code   122  inv_mpu.o(i.mpu_read_mem)
    mpu_reset_fifo                           0x080047f1   Thumb Code   450  inv_mpu.o(i.mpu_reset_fifo)
    mpu_run_self_test                        0x080049b9   Thumb Code   278  inv_mpu.o(i.mpu_run_self_test)
    mpu_set_accel_fsr                        0x08004ad5   Thumb Code   126  inv_mpu.o(i.mpu_set_accel_fsr)
    mpu_set_bypass                           0x08004b59   Thumb Code   328  inv_mpu.o(i.mpu_set_bypass)
    mpu_set_dmp_state                        0x08004ca5   Thumb Code   138  inv_mpu.o(i.mpu_set_dmp_state)
    mpu_set_gyro_fsr                         0x08004d35   Thumb Code   132  inv_mpu.o(i.mpu_set_gyro_fsr)
    mpu_set_int_latched                      0x08004dbd   Thumb Code   102  inv_mpu.o(i.mpu_set_int_latched)
    mpu_set_lpf                              0x08004e29   Thumb Code   126  inv_mpu.o(i.mpu_set_lpf)
    mpu_set_sample_rate                      0x08004ead   Thumb Code   152  inv_mpu.o(i.mpu_set_sample_rate)
    mpu_set_sensors                          0x08004f49   Thumb Code   202  inv_mpu.o(i.mpu_set_sensors)
    mpu_write_mem                            0x08005019   Thumb Code   122  inv_mpu.o(i.mpu_write_mem)
    run_self_test                            0x08005099   Thumb Code   148  inv_mpu.o(i.run_self_test)
    sqrt                                     0x080051bd   Thumb Code    76  sqrt.o(i.sqrt)
    reg                                      0x08005208   Data          27  inv_mpu.o(.constdata)
    hw                                       0x08005224   Data          12  inv_mpu.o(.constdata)
    test                                     0x08005230   Data          40  inv_mpu.o(.constdata)
    __mathlib_zero                           0x08005f40   Data           8  qnan.o(.constdata)
    Region$$Table$$Base                      0x08005f98   Number         0  anon$$obj.o(Region$$Table)
    Region$$Table$$Limit                     0x08005fb8   Number         0  anon$$obj.o(Region$$Table)
    __stdout                                 0x2000004c   Data           4  stdout.o(.data)
    __initial_sp                             0x20000468   Data           0  startup_stm32f10x_hd.o(STACK)



==============================================================================

Memory Map of the image

  Image Entry point : 0x08000131

  Load Region LR_IROM1 (Base: 0x08000000, Size: 0x0000600c, Max: 0x00010000, ABSOLUTE)

    Execution Region ER_IROM1 (Base: 0x08000000, Size: 0x00005fb8, Max: 0x00010000, ABSOLUTE)

    Base Addr    Size         Type   Attr      Idx    E Section Name        Object

    0x08000000   0x00000130   Data   RO            3    RESET               startup_stm32f10x_hd.o
    0x08000130   0x00000000   Code   RO         3929  * .ARM.Collect$$$$00000000  mc_w.l(entry.o)
    0x08000130   0x00000004   Code   RO         4260    .ARM.Collect$$$$00000001  mc_w.l(entry2.o)
    0x08000134   0x00000004   Code   RO         4263    .ARM.Collect$$$$00000004  mc_w.l(entry5.o)
    0x08000138   0x00000000   Code   RO         4265    .ARM.Collect$$$$00000008  mc_w.l(entry7b.o)
    0x08000138   0x00000000   Code   RO         4267    .ARM.Collect$$$$0000000A  mc_w.l(entry8b.o)
    0x08000138   0x00000008   Code   RO         4268    .ARM.Collect$$$$0000000B  mc_w.l(entry9a.o)
    0x08000140   0x00000000   Code   RO         4270    .ARM.Collect$$$$0000000D  mc_w.l(entry10a.o)
    0x08000140   0x00000000   Code   RO         4272    .ARM.Collect$$$$0000000F  mc_w.l(entry11a.o)
    0x08000140   0x00000004   Code   RO         4261    .ARM.Collect$$$$00002712  mc_w.l(entry2.o)
    0x08000144   0x00000024   Code   RO            4    .text               startup_stm32f10x_hd.o
    0x08000168   0x00000062   Code   RO         3932    .text               mc_w.l(ldiv.o)
    0x080001ca   0x00000024   Code   RO         3934    .text               mc_w.l(memseta.o)
    0x080001ee   0x0000001a   Code   RO         3936    .text               mc_w.l(memcmp.o)
    0x08000208   0x000000b0   Code   RO         4199    .text               mf_w.l(fadd.o)
    0x080002b8   0x00000064   Code   RO         4201    .text               mf_w.l(fmul.o)
    0x0800031c   0x0000007c   Code   RO         4203    .text               mf_w.l(fdiv.o)
    0x08000398   0x000000e4   Code   RO         4205    .text               mf_w.l(dmul.o)
    0x0800047c   0x00000012   Code   RO         4207    .text               mf_w.l(fflti.o)
    0x0800048e   0x0000000a   Code   RO         4209    .text               mf_w.l(ffltui.o)
    0x08000498   0x00000032   Code   RO         4211    .text               mf_w.l(ffixi.o)
    0x080004ca   0x00000028   Code   RO         4213    .text               mf_w.l(ffixui.o)
    0x080004f2   0x00000026   Code   RO         4215    .text               mf_w.l(f2d.o)
    0x08000518   0x00000038   Code   RO         4217    .text               mf_w.l(d2f.o)
    0x08000550   0x00000014   Code   RO         4219    .text               mf_w.l(cfcmple.o)
    0x08000564   0x00000014   Code   RO         4221    .text               mf_w.l(cfrcmple.o)
    0x08000578   0x0000002c   Code   RO         4275    .text               mc_w.l(uidiv.o)
    0x080005a4   0x00000062   Code   RO         4277    .text               mc_w.l(uldiv.o)
    0x08000606   0x00000000   Code   RO         4286    .text               mc_w.l(iusefp.o)
    0x08000606   0x0000006e   Code   RO         4287    .text               mf_w.l(fepilogue.o)
    0x08000674   0x000000ba   Code   RO         4289    .text               mf_w.l(depilogue.o)
    0x0800072e   0x0000014e   Code   RO         4291    .text               mf_w.l(dadd.o)
    0x0800087c   0x000000de   Code   RO         4293    .text               mf_w.l(ddiv.o)
    0x0800095a   0x0000002e   Code   RO         4295    .text               mf_w.l(dscalb.o)
    0x08000988   0x00000030   Code   RO         4297    .text               mf_w.l(dfixul.o)
    0x080009b8   0x00000030   Code   RO         4299    .text               mf_w.l(cdrcmple.o)
    0x080009e8   0x00000024   Code   RO         4301    .text               mc_w.l(init.o)
    0x08000a0c   0x0000001e   Code   RO         4303    .text               mc_w.l(llshl.o)
    0x08000a2a   0x00000020   Code   RO         4305    .text               mc_w.l(llushr.o)
    0x08000a4a   0x00000024   Code   RO         4307    .text               mc_w.l(llsshr.o)
    0x08000a6e   0x000000a2   Code   RO         4309    .text               mf_w.l(dsqrt.o)
    0x08000b10   0x00000004   Code   RO         3140    i.BusFault_Handler  stm32f10x_it.o
    0x08000b14   0x00000002   Code   RO         3141    i.DebugMon_Handler  stm32f10x_it.o
    0x08000b16   0x0000002a   Code   RO         3203    i.Delay_Init        delay.o
    0x08000b40   0x00000018   Code   RO         3204    i.Delay_ms          delay.o
    0x08000b58   0x00000094   Code   RO         3205    i.Delay_us          delay.o
    0x08000bec   0x0000001c   Code   RO         1009    i.FLASH_PrefetchBufferCmd  stm32f10x_flash.o
    0x08000c08   0x00000018   Code   RO         1014    i.FLASH_SetLatency  stm32f10x_flash.o
    0x08000c20   0x00000116   Code   RO         1292    i.GPIO_Init         stm32f10x_gpio.o
    0x08000d36   0x00000004   Code   RO         1300    i.GPIO_SetBits      stm32f10x_gpio.o
    0x08000d3a   0x00000004   Code   RO         3142    i.HardFault_Handler  stm32f10x_it.o
    0x08000d3e   0x00000018   Code   RO         1401    i.I2C_AcknowledgeConfig  stm32f10x_i2c.o
    0x08000d56   0x00000002   PAD
    0x08000d58   0x000000e8   Code   RO         3237    i.I2C_BufferRead    i2c.o
    0x08000e40   0x000000a4   Code   RO         3238    i.I2C_BufferWrite   i2c.o
    0x08000ee4   0x0000007c   Code   RO         3239    i.I2C_ByteWrite     i2c.o
    0x08000f60   0x0000002a   Code   RO         1403    i.I2C_CheckEvent    stm32f10x_i2c.o
    0x08000f8a   0x00000018   Code   RO         1406    i.I2C_Cmd           stm32f10x_i2c.o
    0x08000fa2   0x00000018   Code   RO         1413    i.I2C_GenerateSTART  stm32f10x_i2c.o
    0x08000fba   0x00000018   Code   RO         1414    i.I2C_GenerateSTOP  stm32f10x_i2c.o
    0x08000fd2   0x0000003a   Code   RO         1415    i.I2C_GetFlagStatus  stm32f10x_i2c.o
    0x0800100c   0x000000ec   Code   RO         1420    i.I2C_Init          stm32f10x_i2c.o
    0x080010f8   0x00000008   Code   RO         1425    i.I2C_ReceiveData   stm32f10x_i2c.o
    0x08001100   0x00000012   Code   RO         1427    i.I2C_Send7bitAddress  stm32f10x_i2c.o
    0x08001112   0x00000004   Code   RO         1428    i.I2C_SendData      stm32f10x_i2c.o
    0x08001116   0x00000002   PAD
    0x08001118   0x00000108   Code   RO         3793    i.Init_MPU6050      mpu6050.o
    0x08001220   0x0000001e   Code   RO         3794    i.MPU6xxx_Read_Len  mpu6050.o
    0x0800123e   0x0000001e   Code   RO         3795    i.MPU6xxx_Write_Len  mpu6050.o
    0x0800125c   0x00000004   Code   RO         3143    i.MemManage_Handler  stm32f10x_it.o
    0x08001260   0x00000002   Code   RO         3144    i.NMI_Handler       stm32f10x_it.o
    0x08001262   0x00000002   Code   RO         3145    i.PendSV_Handler    stm32f10x_it.o
    0x08001264   0x00000020   Code   RO         1708    i.RCC_APB1PeriphClockCmd  stm32f10x_rcc.o
    0x08001284   0x00000020   Code   RO         1710    i.RCC_APB2PeriphClockCmd  stm32f10x_rcc.o
    0x080012a4   0x0000000c   Code   RO         1716    i.RCC_ClockSecuritySystemCmd  stm32f10x_rcc.o
    0x080012b0   0x00000070   Code   RO         3206    i.RCC_Configuration  delay.o
    0x08001320   0x0000004c   Code   RO         1717    i.RCC_DeInit        stm32f10x_rcc.o
    0x0800136c   0x000000d4   Code   RO         1718    i.RCC_GetClocksFreq  stm32f10x_rcc.o
    0x08001440   0x0000003c   Code   RO         1719    i.RCC_GetFlagStatus  stm32f10x_rcc.o
    0x0800147c   0x00000010   Code   RO         1721    i.RCC_GetSYSCLKSource  stm32f10x_rcc.o
    0x0800148c   0x00000018   Code   RO         1722    i.RCC_HCLKConfig    stm32f10x_rcc.o
    0x080014a4   0x0000004c   Code   RO         1723    i.RCC_HSEConfig     stm32f10x_rcc.o
    0x080014f0   0x00000018   Code   RO         1729    i.RCC_PCLK1Config   stm32f10x_rcc.o
    0x08001508   0x00000018   Code   RO         1730    i.RCC_PCLK2Config   stm32f10x_rcc.o
    0x08001520   0x0000000c   Code   RO         1731    i.RCC_PLLCmd        stm32f10x_rcc.o
    0x0800152c   0x0000001c   Code   RO         1732    i.RCC_PLLConfig     stm32f10x_rcc.o
    0x08001548   0x00000018   Code   RO         1735    i.RCC_SYSCLKConfig  stm32f10x_rcc.o
    0x08001560   0x00000002   Code   RO         3146    i.SVC_Handler       stm32f10x_it.o
    0x08001562   0x00000008   Code   RO           24    i.SetSysClock       system_stm32f10x.o
    0x0800156a   0x00000002   PAD
    0x0800156c   0x000000e0   Code   RO           25    i.SetSysClockTo72   system_stm32f10x.o
    0x0800164c   0x00000028   Code   RO          141    i.SysTick_CLKSourceConfig  misc.o
    0x08001674   0x00000002   Code   RO         3147    i.SysTick_Handler   stm32f10x_it.o
    0x08001676   0x00000002   PAD
    0x08001678   0x00000060   Code   RO           27    i.SystemInit        system_stm32f10x.o
    0x080016d8   0x00000088   Code   RO         3893    i.USART1_Config     usart1.o
    0x08001760   0x00000018   Code   RO         2878    i.USART_Cmd         stm32f10x_usart.o
    0x08001778   0x0000004a   Code   RO         2884    i.USART_ITConfig    stm32f10x_usart.o
    0x080017c2   0x00000002   PAD
    0x080017c4   0x000000d8   Code   RO         2885    i.USART_Init        stm32f10x_usart.o
    0x0800189c   0x00000008   Code   RO         2895    i.USART_SendData    stm32f10x_usart.o
    0x080018a4   0x00000004   Code   RO         3148    i.UsageFault_Handler  stm32f10x_it.o
    0x080018a8   0x00000020   Code   RO         4171    i.__0printf         mc_w.l(printfa.o)
    0x080018c8   0x00000028   Code   RO         4247    i.__ARM_fpclassify  m_ws.l(fpclassify.o)
    0x080018f0   0x000000aa   Code   RO         4249    i.__kernel_poly     m_ws.l(poly.o)
    0x0800199a   0x00000006   Code   RO         4234    i.__mathlib_dbl_infnan  m_ws.l(dunder.o)
    0x080019a0   0x00000004   Code   RO         4235    i.__mathlib_dbl_infnan2  m_ws.l(dunder.o)
    0x080019a4   0x0000000c   Code   RO         4236    i.__mathlib_dbl_invalid  m_ws.l(dunder.o)
    0x080019b0   0x00000010   Code   RO         4239    i.__mathlib_dbl_underflow  m_ws.l(dunder.o)
    0x080019c0   0x0000000e   Code   RO         4315    i.__scatterload_copy  mc_w.l(handlers.o)
    0x080019ce   0x00000002   Code   RO         4316    i.__scatterload_null  mc_w.l(handlers.o)
    0x080019d0   0x0000000e   Code   RO         4317    i.__scatterload_zeroinit  mc_w.l(handlers.o)
    0x080019de   0x00000002   PAD
    0x080019e0   0x0000000c   Code   RO         4281    i.__set_errno       mc_w.l(errno.o)
    0x080019ec   0x00000184   Code   RO         4178    i._fp_digits        mc_w.l(printfa.o)
    0x08001b70   0x000006dc   Code   RO         4179    i._printf_core      mc_w.l(printfa.o)
    0x0800224c   0x00000024   Code   RO         4180    i._printf_post_padding  mc_w.l(printfa.o)
    0x08002270   0x0000002e   Code   RO         4181    i._printf_pre_padding  mc_w.l(printfa.o)
    0x0800229e   0x00000002   PAD
    0x080022a0   0x000000a8   Code   RO         3267    i.accel_self_test   inv_mpu.o
    0x08002348   0x00000270   Code   RO         3912    i.asin              m_ws.l(asin.o)
    0x080025b8   0x00000220   Code   RO         4224    i.atan              m_ws.l(atan.o)
    0x080027d8   0x00000180   Code   RO         3922    i.atan2             m_ws.l(atan2.o)
    0x08002958   0x00000090   Code   RO         3240    i.bsp_I2c_Init      i2c.o
    0x080029e8   0x00000064   Code   RO         3607    i.decode_gesture    inv_mpu_dmp_motion_driver.o
    0x08002a4c   0x0000003c   Code   RO         3608    i.dmp_enable_6x_lp_quat  inv_mpu_dmp_motion_driver.o
    0x08002a88   0x0000021c   Code   RO         3609    i.dmp_enable_feature  inv_mpu_dmp_motion_driver.o
    0x08002ca4   0x00000058   Code   RO         3610    i.dmp_enable_gyro_cal  inv_mpu_dmp_motion_driver.o
    0x08002cfc   0x0000003c   Code   RO         3611    i.dmp_enable_lp_quat  inv_mpu_dmp_motion_driver.o
    0x08002d38   0x00000018   Code   RO         3616    i.dmp_load_motion_driver_firmware  inv_mpu_dmp_motion_driver.o
    0x08002d50   0x000001cc   Code   RO         3617    i.dmp_read_fifo     inv_mpu_dmp_motion_driver.o
    0x08002f1c   0x00000130   Code   RO         3620    i.dmp_set_accel_bias  inv_mpu_dmp_motion_driver.o
    0x0800304c   0x00000070   Code   RO         3621    i.dmp_set_fifo_rate  inv_mpu_dmp_motion_driver.o
    0x080030bc   0x00000130   Code   RO         3622    i.dmp_set_gyro_bias  inv_mpu_dmp_motion_driver.o
    0x080031ec   0x00000138   Code   RO         3624    i.dmp_set_orientation  inv_mpu_dmp_motion_driver.o
    0x08003324   0x00000038   Code   RO         3627    i.dmp_set_shake_reject_thresh  inv_mpu_dmp_motion_driver.o
    0x0800335c   0x00000026   Code   RO         3628    i.dmp_set_shake_reject_time  inv_mpu_dmp_motion_driver.o
    0x08003382   0x00000026   Code   RO         3629    i.dmp_set_shake_reject_timeout  inv_mpu_dmp_motion_driver.o
    0x080033a8   0x00000046   Code   RO         3630    i.dmp_set_tap_axes  inv_mpu_dmp_motion_driver.o
    0x080033ee   0x00000026   Code   RO         3631    i.dmp_set_tap_count  inv_mpu_dmp_motion_driver.o
    0x08003414   0x000001a0   Code   RO         3632    i.dmp_set_tap_thresh  inv_mpu_dmp_motion_driver.o
    0x080035b4   0x00000026   Code   RO         3633    i.dmp_set_tap_time  inv_mpu_dmp_motion_driver.o
    0x080035da   0x00000026   Code   RO         3634    i.dmp_set_tap_time_multi  inv_mpu_dmp_motion_driver.o
    0x08003600   0x00000024   Code   RO         3894    i.fputc             usart1.o
    0x08003624   0x000000b4   Code   RO         3268    i.get_accel_prod_shift  inv_mpu.o
    0x080036d8   0x00000470   Code   RO         3269    i.get_st_biases     inv_mpu.o
    0x08003b48   0x00000110   Code   RO         3270    i.gyro_self_test    inv_mpu.o
    0x08003c58   0x00000028   Code   RO         3271    i.inv_orientation_matrix_to_scalar  inv_mpu.o
    0x08003c80   0x0000004e   Code   RO         3272    i.inv_row_2_scale   inv_mpu.o
    0x08003cce   0x00000002   PAD
    0x08003cd0   0x0000011c   Code   RO         3108    i.main              main.o
    0x08003dec   0x00000002   Code   RO         3273    i.mget_ms           inv_mpu.o
    0x08003dee   0x00000002   PAD
    0x08003df0   0x00000070   Code   RO         3275    i.mpu_configure_fifo  inv_mpu.o
    0x08003e60   0x00000224   Code   RO         3276    i.mpu_dmp_get_data  inv_mpu.o
    0x08004084   0x0000009c   Code   RO         3277    i.mpu_dmp_init      inv_mpu.o
    0x08004120   0x0000004c   Code   RO         3278    i.mpu_get_accel_fsr  inv_mpu.o
    0x0800416c   0x00000054   Code   RO         3280    i.mpu_get_accel_sens  inv_mpu.o
    0x080041c0   0x00000010   Code   RO         3285    i.mpu_get_fifo_config  inv_mpu.o
    0x080041d0   0x00000044   Code   RO         3286    i.mpu_get_gyro_fsr  inv_mpu.o
    0x08004214   0x00000050   Code   RO         3288    i.mpu_get_gyro_sens  inv_mpu.o
    0x08004264   0x00000050   Code   RO         3290    i.mpu_get_lpf       inv_mpu.o
    0x080042b4   0x00000020   Code   RO         3292    i.mpu_get_sample_rate  inv_mpu.o
    0x080042d4   0x00000244   Code   RO         3294    i.mpu_init          inv_mpu.o
    0x08004518   0x000000b8   Code   RO         3295    i.mpu_load_firmware  inv_mpu.o
    0x080045d0   0x000000e0   Code   RO         3296    i.mpu_lp_accel_mode  inv_mpu.o
    0x080046b0   0x000000c0   Code   RO         3299    i.mpu_read_fifo_stream  inv_mpu.o
    0x08004770   0x00000080   Code   RO         3300    i.mpu_read_mem      inv_mpu.o
    0x080047f0   0x000001c8   Code   RO         3303    i.mpu_reset_fifo    inv_mpu.o
    0x080049b8   0x0000011c   Code   RO         3304    i.mpu_run_self_test  inv_mpu.o
    0x08004ad4   0x00000084   Code   RO         3306    i.mpu_set_accel_fsr  inv_mpu.o
    0x08004b58   0x0000014c   Code   RO         3307    i.mpu_set_bypass    inv_mpu.o
    0x08004ca4   0x00000090   Code   RO         3309    i.mpu_set_dmp_state  inv_mpu.o
    0x08004d34   0x00000088   Code   RO         3310    i.mpu_set_gyro_fsr  inv_mpu.o
    0x08004dbc   0x0000006c   Code   RO         3311    i.mpu_set_int_latched  inv_mpu.o
    0x08004e28   0x00000084   Code   RO         3313    i.mpu_set_lpf       inv_mpu.o
    0x08004eac   0x0000009c   Code   RO         3314    i.mpu_set_sample_rate  inv_mpu.o
    0x08004f48   0x000000d0   Code   RO         3315    i.mpu_set_sensors   inv_mpu.o
    0x08005018   0x00000080   Code   RO         3316    i.mpu_write_mem     inv_mpu.o
    0x08005098   0x00000094   Code   RO         3317    i.run_self_test     inv_mpu.o
    0x0800512c   0x00000090   Code   RO         3318    i.set_int_enable    inv_mpu.o
    0x080051bc   0x0000004c   Code   RO         4253    i.sqrt              m_ws.l(sqrt.o)
    0x08005208   0x00000050   Data   RO         3320    .constdata          inv_mpu.o
    0x08005258   0x00000bf6   Data   RO         3636    .constdata          inv_mpu_dmp_motion_driver.o
    0x08005e4e   0x00000002   PAD
    0x08005e50   0x00000006   Data   RO         3808    .constdata          mpu6050.o
    0x08005e56   0x00000002   PAD
    0x08005e58   0x00000050   Data   RO         3913    .constdata          m_ws.l(asin.o)
    0x08005ea8   0x00000098   Data   RO         4225    .constdata          m_ws.l(atan.o)
    0x08005f40   0x00000008   Data   RO         4251    .constdata          m_ws.l(qnan.o)
    0x08005f48   0x0000004d   Data   RO         3321    .conststring        inv_mpu.o
    0x08005f95   0x00000003   PAD
    0x08005f98   0x00000020   Data   RO         4313    Region$$Table       anon$$obj.o


    Execution Region RW_IRAM1 (Base: 0x20000000, Size: 0x00000468, Max: 0x00005000, ABSOLUTE)

    Base Addr    Size         Type   Attr      Idx    E Section Name        Object

    0x20000000   0x00000014   Data   RW         1738    .data               stm32f10x_rcc.o
    0x20000014   0x00000035   Data   RW         3322    .data               inv_mpu.o
    0x20000049   0x00000003   PAD
    0x2000004c   0x00000004   Data   RW         4274    .data               mc_w.l(stdout.o)
    0x20000050   0x00000004   Data   RW         4282    .data               mc_w.l(errno.o)
    0x20000054   0x00000010   Zero   RW         3635    .bss                inv_mpu_dmp_motion_driver.o
    0x20000064   0x00000004   PAD
    0x20000068   0x00000400   Zero   RW            1    STACK               startup_stm32f10x_hd.o


==============================================================================

Image component sizes


      Code (inc. data)   RO Data    RW Data    ZI Data      Debug   Object Name

         0          0          0          0          0       4508   core_cm3.o
       326         10          0          0          0      17214   delay.o
       664         52          0          0          0       2946   i2c.o
      6944        356        157         53          0      29460   inv_mpu.o
      3096        122       3062          0         16      19734   inv_mpu_dmp_motion_driver.o
       284        122          0          0          0       1823   main.o
        40          0          0          0          0        510   misc.o
       324         86          6          0          0       3250   mpu6050.o
        36          8        304          0       1024        848   startup_stm32f10x_hd.o
        52         12          0          0          0       1069   stm32f10x_flash.o
       282          0          0          0          0       2451   stm32f10x_gpio.o
       462         14          0          0          0       7544   stm32f10x_i2c.o
        26          0          0          0          0       3730   stm32f10x_it.o
       652         98          0         20          0      10179   stm32f10x_rcc.o
       322          6          0          0          0       4151   stm32f10x_usart.o
       328         28          0          0          0     234729   system_stm32f10x.o
       172         14          0          0          0       1112   usart1.o

    ----------------------------------------------------------------------
     14024        928       3568         76       1044     345258   Object Totals
         0          0         32          0          0          0   (incl. Generated)
        14          0          7          3          4          0   (incl. Padding)

    ----------------------------------------------------------------------

      Code (inc. data)   RO Data    RW Data    ZI Data      Debug   Library Member Name

       624         52         80          0          0        168   asin.o
       544         70        152          0          0        124   atan.o
       384         38          0          0          0        144   atan2.o
        38          6          0          0          0        272   dunder.o
        40          0          0          0          0         68   fpclassify.o
       170          0          0          0          0         96   poly.o
         0          0          8          0          0          0   qnan.o
        76          0          0          0          0         84   sqrt.o
         0          0          0          0          0          0   entry.o
         0          0          0          0          0          0   entry10a.o
         0          0          0          0          0          0   entry11a.o
         8          4          0          0          0          0   entry2.o
         4          0          0          0          0          0   entry5.o
         0          0          0          0          0          0   entry7b.o
         0          0          0          0          0          0   entry8b.o
         8          4          0          0          0          0   entry9a.o
        12          6          0          4          0         68   errno.o
        30          0          0          0          0          0   handlers.o
        36          8          0          0          0         68   init.o
         0          0          0          0          0          0   iusefp.o
        98          0          0          0          0         84   ldiv.o
        30          0          0          0          0         68   llshl.o
        36          0          0          0          0         68   llsshr.o
        32          0          0          0          0         68   llushr.o
        26          0          0          0          0         80   memcmp.o
        36          0          0          0          0        108   memseta.o
      2258         90          0          0          0        452   printfa.o
         0          0          0          4          0          0   stdout.o
        44          0          0          0          0         80   uidiv.o
        98          0          0          0          0         92   uldiv.o
        48          0          0          0          0         68   cdrcmple.o
        20          0          0          0          0         68   cfcmple.o
        20          0          0          0          0         68   cfrcmple.o
        56          0          0          0          0         88   d2f.o
       334          0          0          0          0        148   dadd.o
       222          0          0          0          0        100   ddiv.o
       186          0          0          0          0        176   depilogue.o
        48          0          0          0          0         68   dfixul.o
       228          0          0          0          0         96   dmul.o
        46          0          0          0          0         80   dscalb.o
       162          0          0          0          0        100   dsqrt.o
        38          0          0          0          0         68   f2d.o
       176          0          0          0          0        140   fadd.o
       124          0          0          0          0         88   fdiv.o
       110          0          0          0          0        168   fepilogue.o
        50          0          0          0          0         68   ffixi.o
        40          0          0          0          0         68   ffixui.o
        18          0          0          0          0         68   fflti.o
        10          0          0          0          0         68   ffltui.o
       100          0          0          0          0         76   fmul.o

    ----------------------------------------------------------------------
      6672        278        240          8          0       4064   Library Totals
         4          0          0          0          0          0   (incl. Padding)

    ----------------------------------------------------------------------

      Code (inc. data)   RO Data    RW Data    ZI Data      Debug   Library Name

      1876        166        240          0          0        956   m_ws.l
      2756        112          0          8          0       1236   mc_w.l
      2036          0          0          0          0       1872   mf_w.l

    ----------------------------------------------------------------------
      6672        278        240          8          0       4064   Library Totals

    ----------------------------------------------------------------------

==============================================================================


      Code (inc. data)   RO Data    RW Data    ZI Data      Debug   

     20696       1206       3808         84       1044     341622   Grand Totals
     20696       1206       3808         84       1044     341622   ELF Image Totals
     20696       1206       3808         84          0          0   ROM Totals

==============================================================================

    Total RO  Size (Code + RO Data)                24504 (  23.93kB)
    Total RW  Size (RW Data + ZI Data)              1128 (   1.10kB)
    Total ROM Size (Code + RO Data + RW Data)      24588 (  24.01kB)

==============================================================================

